#
# A fatal error has been detected by the Java Runtime Environment:
#
#  EXCEPTION_ACCESS_VIOLATION (0xc0000005) at pc=0x00007ffb905b2d0c, pid=11776, tid=17132
#
# JRE version: OpenJDK Runtime Environment Temurin-17.0.8.1+1 (17.0.8.1+1) (build 17.0.8.1+1)
# Java VM: OpenJDK 64-Bit Server VM Temurin-17.0.8.1+1 (17.0.8.1+1, mixed mode, sharing, tiered, compressed oops, compressed class ptrs, g1 gc, windows-amd64)
# Problematic frame:
# C  [atio6axx.dll+0x2152d0c]
#
# No core dump will be written. Minidumps are not enabled by default on client versions of Windows
#
# If you would like to submit a bug report, please visit:
#   https://github.com/adoptium/adoptium-support/issues
# The crash happened outside the Java Virtual Machine in native code.
# See problematic frame for where to report the bug.
#

---------------  S U M M A R Y ------------

Command Line: -agentlib:jdwp=transport=dt_socket,address=8092,server=y,suspend=y,quiet=y -Djna.nosys=true -Djava.library.path=;C:\Program Files\Processing\app\resources\core\library;C:\Users\Nuno Carvalho\Documents\Processing\libraries\video\library\windows-amd64;C:\Users\Nuno Carvalho\Documents\Processing\libraries\spout\library;C:\Users\Nuno Carvalho\Documents\Processing\libraries\opencv_processing\library;C:\Program Files\Processing;C:\WINDOWS\system32;C:\WINDOWS;C:\Program Files\Eclipse Adoptium\jdk-17.0.16.8-hotspot\bin;C:\Program Files (x86)\Common Files\Intel\Shared Libraries\redist\intel64\compiler;C:\WINDOWS\system32;C:\WINDOWS;C:\WINDOWS\System32\Wbem;C:\WINDOWS\System32\WindowsPowerShell\v1.0;C:\WINDOWS\System32\OpenSSH;C:\Program Files (x86)\dotnet;C:\Program Files\dotnet;C:\Users\Nuno Carvalho\AppData\Local\Microsoft\WindowsApps;C:\Users\Nuno Carvalho\AppData\Local\Programs\Microsoft VS Code\bin;C:\Program Files\Processing\app;. -ea processing.core.PApplet --location=1142,39 --external --display=1 --sketch-path=C:\Users\Nuno Carvalho\Documents\universidade\Mestrado\2 ano\tese\cartaz servidor-cliente\cartaz_corrupcao cartaz_corrupcao

Host: AMD Ryzen 5 5500U with Radeon Graphics         , 12 cores, 15G,  Windows 11 , 64 bit Build 26100 (10.0.26100.8875)
Time: Mon Jul 20 13:30:35 2026 Hora de Verão de GMT elapsed time: 39.696709 seconds (0d 0h 0m 39s)

---------------  T H R E A D  ---------------

Current thread (0x00000199d46a30c0):  JavaThread "main-FPSAWTAnimator#00-Timer0" [_thread_in_native, id=17132, stack(0x0000003d06b00000,0x0000003d06c00000)]

Stack: [0x0000003d06b00000,0x0000003d06c00000],  sp=0x0000003d06bfdfb8,  free space=1015k
Native frames: (J=compiled Java code, j=interpreted, Vv=VM code, C=native code)
C  [atio6axx.dll+0x2152d0c]

Java frames: (J=compiled Java code, j=interpreted, Vv=VM code)
J 2469  jogamp.opengl.gl4.GL4bcImpl.dispatch_glTexSubImage2D1(IIIIIIIILjava/lang/Object;IZJ)V (0 bytes) @ 0x00000199f09e74c1 [0x00000199f09e7420+0x00000000000000a1]
J 2699 c2 processing.opengl.PJOGL.texSubImage2D(IIIIIIIILjava/nio/Buffer;)V (25 bytes) @ 0x00000199f0a0d1fc [0x00000199f0a0ce80+0x000000000000037c]
J 3267 c1 processing.opengl.Texture.setNative(Ljava/nio/IntBuffer;IIII)V (202 bytes) @ 0x00000199e94dff34 [0x00000199e94df960+0x00000000000005d4]
J 3988 c1 processing.opengl.Texture.bufferUpdate()Z (119 bytes) @ 0x00000199e8d4851c [0x00000199e8d47ec0+0x000000000000065c]
J 4141 c1 processing.opengl.PGraphicsOpenGL.getTexture(Lprocessing/core/PImage;)Lprocessing/opengl/Texture; (81 bytes) @ 0x00000199e8d8094c [0x00000199e8d80320+0x000000000000062c]
J 3264 c1 processing.opengl.PGraphicsOpenGL.flushPolys()V (707 bytes) @ 0x00000199e94dbaac [0x00000199e94db4a0+0x000000000000060c]
J 3010 c1 processing.opengl.PGraphicsOpenGL.flush()V (316 bytes) @ 0x00000199e943df54 [0x00000199e943d800+0x0000000000000754]
J 3569 c1 processing.opengl.PGraphicsOpenGL.backgroundImpl()V (48 bytes) @ 0x00000199e957b5c4 [0x00000199e957b4c0+0x0000000000000104]
J 3370 c1 processing.core.PGraphics.backgroundFromCalc()V (127 bytes) @ 0x00000199e951e434 [0x00000199e951e160+0x00000000000002d4]
J 3875 c1 cartaz_corrupcao.draw()V (1648 bytes) @ 0x00000199e8f9fb64 [0x00000199e8f9b460+0x0000000000004704]
J 3869 c1 processing.core.PApplet.handleDraw()V (371 bytes) @ 0x00000199e8e0d5d4 [0x00000199e8e0c2c0+0x0000000000001314]
J 4152 c1 processing.opengl.PSurfaceJOGL$DrawListener.display(Lcom/jogamp/opengl/GLAutoDrawable;)V (350 bytes) @ 0x00000199e93164e4 [0x00000199e93148e0+0x0000000000001c04]
J 4052 c1 jogamp.opengl.GLDrawableHelper.displayImpl(Lcom/jogamp/opengl/GLAutoDrawable;)V (86 bytes) @ 0x00000199e93de144 [0x00000199e93dda60+0x00000000000006e4]
J 4050 c1 jogamp.opengl.GLAutoDrawableBase$2.run()V (73 bytes) @ 0x00000199e8da4a1c [0x00000199e8da4720+0x00000000000002fc]
J 4049 c1 jogamp.opengl.GLDrawableHelper.invokeGLImpl(Lcom/jogamp/opengl/GLDrawable;Lcom/jogamp/opengl/GLContext;Ljava/lang/Runnable;Ljava/lang/Runnable;)V (586 bytes) @ 0x00000199e8d79414 [0x00000199e8d78880+0x0000000000000b94]
J 3860 c1 jogamp.opengl.GLDrawableHelper.invokeGL(Lcom/jogamp/opengl/GLDrawable;Lcom/jogamp/opengl/GLContext;Ljava/lang/Runnable;Ljava/lang/Runnable;)V (79 bytes) @ 0x00000199e8e10e34 [0x00000199e8e10d40+0x00000000000000f4]
J 4042 c1 com.jogamp.newt.opengl.GLWindow.display()V (144 bytes) @ 0x00000199e8ec93ec [0x00000199e8ec8e20+0x00000000000005cc]
J 4041 c1 com.jogamp.opengl.util.AWTAnimatorImpl.display(Ljava/util/ArrayList;ZZ)V (170 bytes) @ 0x00000199e8f32bb4 [0x00000199e8f32420+0x0000000000000794]
J 4039 c1 com.jogamp.opengl.util.FPSAnimator$MainTask.run()V (805 bytes) @ 0x00000199e8ed1fec [0x00000199e8ed1780+0x000000000000086c]
j  java.util.TimerThread.mainLoop()V+221 java.base@17.0.8.1
j  java.util.TimerThread.run()V+1 java.base@17.0.8.1
v  ~StubRoutines::call_stub

siginfo: EXCEPTION_ACCESS_VIOLATION (0xc0000005), reading address 0x0000019ab98b70d0


Register to memory mapping:

RIP=0x00007ffb905b2d0c atio6axx.dll
RAX=0x0000019ab690d048 points into unknown readable memory: 0xfff4f4f4fff4f4f4 | f4 f4 f4 ff f4 f4 f4 ff
RBX=0x00000199d94b5610 points into unknown readable memory: 0x0000000000000000 | 00 00 00 00 00 00 00 00
RCX=0x0000019ab690d048 points into unknown readable memory: 0xfff4f4f4fff4f4f4 | f4 f4 f4 ff f4 f4 f4 ff
RDX=0x0000019ab98b70d0 is an unknown value
RSP=0x0000003d06bfdfb8 is pointing into the stack for thread: 0x00000199d46a30c0
RBP=0x0000003d06bfe059 is pointing into the stack for thread: 0x00000199d46a30c0
RSI=0x0000000000000068 is an unknown value
RDI=0x0000019ab690d048 points into unknown readable memory: 0xfff4f4f4fff4f4f4 | f4 f4 f4 ff f4 f4 f4 ff
R8 =0x000000000012c000 is an unknown value
R9 =0x00000000010b3088 points into unknown readable memory: 0x5f31534b52794565 | 65 45 79 52 4b 53 31 5f
R10=0x00007ffb8e460000 atio6axx.dll
R11=0x00000199d8fb9a90 points into unknown readable memory: 0x0000000000000000 | 00 00 00 00 00 00 00 00
R12=0x000000000012c000 is an unknown value
R13=0x00000199d9039e00 points into unknown readable memory: 0x00000199d916e040 | 40 e0 16 d9 99 01 00 00
R14=0x00000199d8ef6080 points into unknown readable memory: 0x00007ffb91e69128 | 28 91 e6 91 fb 7f 00 00
R15=0x0 is NULL


Registers:
RAX=0x0000019ab690d048, RBX=0x00000199d94b5610, RCX=0x0000019ab690d048, RDX=0x0000019ab98b70d0
RSP=0x0000003d06bfdfb8, RBP=0x0000003d06bfe059, RSI=0x0000000000000068, RDI=0x0000019ab690d048
R8 =0x000000000012c000, R9 =0x00000000010b3088, R10=0x00007ffb8e460000, R11=0x00000199d8fb9a90
R12=0x000000000012c000, R13=0x00000199d9039e00, R14=0x00000199d8ef6080, R15=0x0000000000000000
RIP=0x00007ffb905b2d0c, EFLAGS=0x0000000000010246

Top of Stack: (sp=0x0000003d06bfdfb8)
0x0000003d06bfdfb8:   00007ffb8e8d3479 0000003d06bfe059
0x0000003d06bfdfc8:   00007ffb8e9b4368 000000000012c000
0x0000003d06bfdfd8:   0000000000008893 00000000000001e0
0x0000003d06bfdfe8:   0000019900000001 0000000000001908
0x0000003d06bfdff8:   00007ffb00001401 0000000000000000
0x0000003d06bfe008:   00007ffb8e723d35 0000019ab690d048
0x0000003d06bfe018:   000000000012c000 00000199d94b5610
0x0000003d06bfe028:   0000000000000038 0000000000000000
0x0000003d06bfe038:   0000000000000000 00000199dbd3c5a8
0x0000003d06bfe048:   0000000000001908 0000000000000280
0x0000003d06bfe058:   00000000000001e0 0000000000000000
0x0000003d06bfe068:   00000199d47fb018 00000199d8ef6080
0x0000003d06bfe078:   0000000000001401 0000019ab98b70d0
0x0000003d06bfe088:   00007ffb8e968fd5 0000019ab98b70d0
0x0000003d06bfe098:   0000019900000de1 0000019900000000
0x0000003d06bfe0a8:   00007ffb00000000 0000019900000000 

Instructions: (pc=0x00007ffb905b2d0c)
0x00007ffb905b2c0c:   89 08 66 44 89 40 04 44 88 48 06 c3 4c 8b 02 8b
0x00007ffb905b2c1c:   4a 08 44 0f b7 4a 0c 4c 89 00 89 48 08 66 44 89
0x00007ffb905b2c2c:   48 0c c3 0f b7 0a 44 0f b6 42 02 66 89 08 44 88
0x00007ffb905b2c3c:   40 02 c3 90 4c 8b 02 8b 4a 08 44 0f b6 4a 0c 4c
0x00007ffb905b2c4c:   89 00 89 48 08 44 88 48 0c c3 4c 8b 02 0f b7 4a
0x00007ffb905b2c5c:   08 4c 89 00 66 89 48 08 c3 4c 8b 02 0f b6 4a 08
0x00007ffb905b2c6c:   4c 89 00 88 48 08 c3 4c 8b 02 8b 4a 08 4c 89 00
0x00007ffb905b2c7c:   89 48 08 c3 8b 0a 44 0f b7 42 04 89 08 66 44 89
0x00007ffb905b2c8c:   40 04 c3 8b 0a 44 0f b6 42 04 89 08 44 88 40 04
0x00007ffb905b2c9c:   c3 48 8b 0a 48 89 08 c3 0f b6 0a 88 08 c3 8b 0a
0x00007ffb905b2cac:   89 08 c3 90 49 83 f8 20 77 17 f3 0f 6f 0a f3 42
0x00007ffb905b2cbc:   0f 6f 54 02 f0 f3 0f 7f 09 f3 42 0f 7f 54 01 f0
0x00007ffb905b2ccc:   c3 48 3b d1 73 0e 4e 8d 0c 02 49 3b c9 0f 82 41
0x00007ffb905b2cdc:   04 00 00 90 83 3d 71 13 ef 01 03 0f 82 e3 02 00
0x00007ffb905b2cec:   00 49 81 f8 00 20 00 00 76 16 49 81 f8 00 00 18
0x00007ffb905b2cfc:   00 77 0d f6 05 ca 9c 06 02 02 0f 85 64 fe ff ff
0x00007ffb905b2d0c:   c5 fe 6f 02 c4 a1 7e 6f 6c 02 e0 49 81 f8 00 01
0x00007ffb905b2d1c:   00 00 0f 86 c4 00 00 00 4c 8b c9 49 83 e1 1f 49
0x00007ffb905b2d2c:   83 e9 20 49 2b c9 49 2b d1 4d 03 c1 49 81 f8 00
0x00007ffb905b2d3c:   01 00 00 0f 86 a3 00 00 00 49 81 f8 00 00 18 00
0x00007ffb905b2d4c:   0f 87 3e 01 00 00 66 66 66 66 66 66 0f 1f 84 00
0x00007ffb905b2d5c:   00 00 00 00 c5 fe 6f 0a c5 fe 6f 52 20 c5 fe 6f
0x00007ffb905b2d6c:   5a 40 c5 fe 6f 62 60 c5 fd 7f 09 c5 fd 7f 51 20
0x00007ffb905b2d7c:   c5 fd 7f 59 40 c5 fd 7f 61 60 c5 fe 6f 8a 80 00
0x00007ffb905b2d8c:   00 00 c5 fe 6f 92 a0 00 00 00 c5 fe 6f 9a c0 00
0x00007ffb905b2d9c:   00 00 c5 fe 6f a2 e0 00 00 00 c5 fd 7f 89 80 00
0x00007ffb905b2dac:   00 00 c5 fd 7f 91 a0 00 00 00 c5 fd 7f 99 c0 00
0x00007ffb905b2dbc:   00 00 c5 fd 7f a1 e0 00 00 00 48 81 c1 00 01 00
0x00007ffb905b2dcc:   00 48 81 c2 00 01 00 00 49 81 e8 00 01 00 00 49
0x00007ffb905b2ddc:   81 f8 00 01 00 00 0f 83 78 ff ff ff 4d 8d 48 1f
0x00007ffb905b2dec:   49 83 e1 e0 4d 8b d9 49 c1 eb 05 47 8b 9c 9a 40
0x00007ffb905b2dfc:   70 3c 04 4d 03 da 41 ff e3 c4 a1 7e 6f 8c 0a 00 


Stack slot to memory mapping:
stack at sp + 0 slots: 0x00007ffb8e8d3479 atio6axx.dll
stack at sp + 1 slots: 0x0000003d06bfe059 is pointing into the stack for thread: 0x00000199d46a30c0
stack at sp + 2 slots: 0x00007ffb8e9b4368 atio6axx.dll
stack at sp + 3 slots: 0x000000000012c000 is an unknown value
stack at sp + 4 slots: 0x0000000000008893 is an unknown value
stack at sp + 5 slots: 0x00000000000001e0 is an unknown value
stack at sp + 6 slots: 0x0000019900000001 is an unknown value
stack at sp + 7 slots: 0x0000000000001908 is an unknown value


---------------  P R O C E S S  ---------------

Threads class SMR info:
_java_thread_list=0x0000019ab063d120, length=27, elements={
0x0000019984354720, 0x00000199843550e0, 0x000001998436d190, 0x000001998436db50,
0x0000019984372520, 0x0000019984372ee0, 0x0000019984376b00, 0x0000019984379420,
0x000001998437cd50, 0x000001998498f4d0, 0x000001998499eb20, 0x00000199849a5220,
0x00000199849abbd0, 0x00000199849c58b0, 0x00000199ca0f1b30, 0x00000199ca0b4290,
0x00000199cfc6d3b0, 0x00000199ca282e50, 0x00000199cfc82ed0, 0x0000019984bce200,
0x00000199d46a30c0, 0x00000199df9663e0, 0x00000199d9672bb0, 0x00000199d96726a0,
0x00000199d9673ae0, 0x00000199d9673ff0, 0x00000199d9674f20
}

Java Threads: ( => current thread )
  0x0000019984354720 JavaThread "Reference Handler" daemon [_thread_blocked, id=15344, stack(0x0000003d03d00000,0x0000003d03e00000)]
  0x00000199843550e0 JavaThread "Finalizer" daemon [_thread_blocked, id=12372, stack(0x0000003d03e00000,0x0000003d03f00000)]
  0x000001998436d190 JavaThread "Signal Dispatcher" daemon [_thread_blocked, id=19352, stack(0x0000003d03f00000,0x0000003d04000000)]
  0x000001998436db50 JavaThread "Attach Listener" daemon [_thread_blocked, id=14652, stack(0x0000003d04000000,0x0000003d04100000)]
  0x0000019984372520 JavaThread "Service Thread" daemon [_thread_blocked, id=12360, stack(0x0000003d04100000,0x0000003d04200000)]
  0x0000019984372ee0 JavaThread "Monitor Deflation Thread" daemon [_thread_blocked, id=9852, stack(0x0000003d04200000,0x0000003d04300000)]
  0x0000019984376b00 JavaThread "C2 CompilerThread0" daemon [_thread_blocked, id=1896, stack(0x0000003d04300000,0x0000003d04400000)]
  0x0000019984379420 JavaThread "C1 CompilerThread0" daemon [_thread_blocked, id=8096, stack(0x0000003d04400000,0x0000003d04500000)]
  0x000001998437cd50 JavaThread "Sweeper thread" daemon [_thread_blocked, id=24944, stack(0x0000003d04500000,0x0000003d04600000)]
  0x000001998498f4d0 JavaThread "JDWP Transport Listener: dt_socket" daemon [_thread_blocked, id=20120, stack(0x0000003d04600000,0x0000003d04700000)]
  0x000001998499eb20 JavaThread "JDWP Event Helper Thread" daemon [_thread_blocked, id=16492, stack(0x0000003d04700000,0x0000003d04800000)]
  0x00000199849a5220 JavaThread "JDWP Command Reader" daemon [_thread_in_native, id=21612, stack(0x0000003d04800000,0x0000003d04900000)]
  0x00000199849abbd0 JavaThread "Notification Thread" daemon [_thread_blocked, id=18508, stack(0x0000003d04900000,0x0000003d04a00000)]
  0x00000199849c58b0 JavaThread "Common-Cleaner" daemon [_thread_blocked, id=13856, stack(0x0000003d04b00000,0x0000003d04c00000)]
  0x00000199ca0f1b30 JavaThread "Java2D Disposer" daemon [_thread_blocked, id=14544, stack(0x0000003d04d00000,0x0000003d04e00000)]
  0x00000199ca0b4290 JavaThread "AWT-Windows" daemon [_thread_in_native, id=21692, stack(0x0000003d04f00000,0x0000003d05000000)]
  0x00000199cfc6d3b0 JavaThread "main-SharedResourceRunner" daemon [_thread_blocked, id=9316, stack(0x0000003d05a00000,0x0000003d05b00000)]
  0x00000199ca282e50 JavaThread "main-Display-.windows_nil-1-EDT-1" daemon [_thread_blocked, id=17748, stack(0x0000003d06500000,0x0000003d06600000)]
  0x00000199cfc82ed0 JavaThread "HighResTimerThread" daemon [_thread_blocked, id=7268, stack(0x0000003d06900000,0x0000003d06a00000)]
  0x0000019984bce200 JavaThread "Thread-2" [_thread_blocked, id=15416, stack(0x0000003d06a00000,0x0000003d06b00000)]
=>0x00000199d46a30c0 JavaThread "main-FPSAWTAnimator#00-Timer0" [_thread_in_native, id=17132, stack(0x0000003d06b00000,0x0000003d06c00000)]
  0x00000199df9663e0 JavaThread "DestroyJavaVM" [_thread_blocked, id=23796, stack(0x0000003d03600000,0x0000003d03700000)]
  0x00000199d9672bb0 JavaThread "JNA Cleaner" daemon [_thread_blocked, id=20896, stack(0x0000003d04e00000,0x0000003d04f00000)]
  0x00000199d96726a0 JavaThread "NativeObject Reaper" daemon [_thread_blocked, id=22128, stack(0x0000003d06f00000,0x0000003d07000000)]
  0x00000199d9673ae0 JavaThread "gstreamer service thread 1" daemon [_thread_blocked, id=3144, stack(0x0000003d07200000,0x0000003d07300000)]
  0x00000199d9673ff0 JavaThread "GstBus" daemon [_thread_in_native, id=24328, stack(0x0000003d07a00000,0x0000003d07b00000)]
  0x00000199d9674f20 JavaThread "JavaCPP Deallocator" daemon [_thread_blocked, id=3028, stack(0x0000003d07e00000,0x0000003d07f00000)]

Other Threads:
  0x000001998434fe60 VMThread "VM Thread" [stack: 0x0000003d03c00000,0x0000003d03d00000] [id=1564]
  0x00000199dfa01130 WatcherThread [stack: 0x0000003d04a00000,0x0000003d04b00000] [id=12052]
  0x00000199df9d57f0 GCTaskThread "GC Thread#0" [stack: 0x0000003d03700000,0x0000003d03800000] [id=9792]
  0x00000199cff08e20 GCTaskThread "GC Thread#1" [stack: 0x0000003d05c00000,0x0000003d05d00000] [id=17248]
  0x00000199cff090e0 GCTaskThread "GC Thread#2" [stack: 0x0000003d05d00000,0x0000003d05e00000] [id=7252]
  0x00000199cff093a0 GCTaskThread "GC Thread#3" [stack: 0x0000003d05e00000,0x0000003d05f00000] [id=24784]
  0x00000199cff09660 GCTaskThread "GC Thread#4" [stack: 0x0000003d05f00000,0x0000003d06000000] [id=7460]
  0x00000199cff09920 GCTaskThread "GC Thread#5" [stack: 0x0000003d06000000,0x0000003d06100000] [id=18928]
  0x00000199cff7cee0 GCTaskThread "GC Thread#6" [stack: 0x0000003d06100000,0x0000003d06200000] [id=8368]
  0x00000199cff811b0 GCTaskThread "GC Thread#7" [stack: 0x0000003d06200000,0x0000003d06300000] [id=11792]
  0x00000199cff81470 GCTaskThread "GC Thread#8" [stack: 0x0000003d06300000,0x0000003d06400000] [id=2968]
  0x00000199cff81b40 GCTaskThread "GC Thread#9" [stack: 0x0000003d06400000,0x0000003d06500000] [id=22372]
  0x00000199df9e5b80 ConcurrentGCThread "G1 Main Marker" [stack: 0x0000003d03800000,0x0000003d03900000] [id=11508]
  0x00000199df9e7160 ConcurrentGCThread "G1 Conc#0" [stack: 0x0000003d03900000,0x0000003d03a00000] [id=14596]
  0x00000199dc982190 ConcurrentGCThread "G1 Conc#1" [stack: 0x0000003d08b00000,0x0000003d08c00000] [id=2388]
  0x00000199dc982450 ConcurrentGCThread "G1 Conc#2" [stack: 0x0000003d08c00000,0x0000003d08d00000] [id=1864]
  0x00000199dfa0e810 ConcurrentGCThread "G1 Refine#0" [stack: 0x0000003d03a00000,0x0000003d03b00000] [id=12244]
  0x000001998427a1f0 ConcurrentGCThread "G1 Service" [stack: 0x0000003d03b00000,0x0000003d03c00000] [id=21500]

Threads with active compile tasks:

VM state: not at safepoint (normal execution)

VM Mutex/Monitor currently owned by a thread: None

Heap address: 0x000000070ac00000, size: 3924 MB, Compressed Oops mode: Zero based, Oop shift amount: 3

CDS archive(s) mapped at: [0x0000019985000000-0x0000019985bd0000-0x0000019985bd0000), size 12386304, SharedBaseAddress: 0x0000019985000000, ArchiveRelocationMode: 1.
Compressed class space mapped at: 0x0000019986000000-0x00000199c6000000, reserved size: 1073741824
Narrow klass base: 0x0000019985000000, Narrow klass shift: 0, Narrow klass range: 0x100000000

GC Precious Log:
 CPUs: 12 total, 12 available
 Memory: 15693M
 Large Page Support: Disabled
 NUMA Support: Disabled
 Compressed Oops: Enabled (Zero based)
 Heap Region Size: 2M
 Heap Min Capacity: 8M
 Heap Initial Capacity: 246M
 Heap Max Capacity: 3924M
 Pre-touch: Disabled
 Parallel Workers: 10
 Concurrent Workers: 3
 Concurrent Refinement Workers: 10
 Periodic GC: Disabled

Heap:
 garbage-first heap   total 253952K, used 60609K [0x000000070ac00000, 0x0000000800000000)
  region size 2048K, 3 young (6144K), 1 survivors (2048K)
 Metaspace       used 29340K, committed 29568K, reserved 1114112K
  class space    used 2347K, committed 2432K, reserved 1048576K

Heap Regions: E=young(eden), S=young(survivor), O=old, HS=humongous(starts), HC=humongous(continues), CS=collection set, F=free, OA=open archive, CA=closed archive, TAMS=top-at-mark-start (previous, next)
|   0|0x000000070ac00000, 0x000000070ae00000, 0x000000070ae00000|100%|HS|  |TAMS 0x000000070ac00000, 0x000000070ac00000| Complete 
|   1|0x000000070ae00000, 0x000000070b000000, 0x000000070b000000|100%|HS|  |TAMS 0x000000070b000000, 0x000000070b000000| Complete 
|   2|0x000000070b000000, 0x000000070b200000, 0x000000070b200000|100%|HC|  |TAMS 0x000000070b200000, 0x000000070b200000| Complete 
|   3|0x000000070b200000, 0x000000070b400000, 0x000000070b400000|100%|HC|  |TAMS 0x000000070b400000, 0x000000070b400000| Complete 
|   4|0x000000070b400000, 0x000000070b600000, 0x000000070b600000|100%|HC|  |TAMS 0x000000070b600000, 0x000000070b600000| Complete 
|   5|0x000000070b600000, 0x000000070b800000, 0x000000070b800000|100%|HC|  |TAMS 0x000000070b800000, 0x000000070b800000| Complete 
|   6|0x000000070b800000, 0x000000070ba00000, 0x000000070ba00000|100%|HC|  |TAMS 0x000000070ba00000, 0x000000070ba00000| Complete 
|   7|0x000000070ba00000, 0x000000070bc00000, 0x000000070bc00000|100%|HC|  |TAMS 0x000000070bc00000, 0x000000070bc00000| Complete 
|   8|0x000000070bc00000, 0x000000070be00000, 0x000000070be00000|100%|HC|  |TAMS 0x000000070be00000, 0x000000070be00000| Complete 
|   9|0x000000070be00000, 0x000000070c000000, 0x000000070c000000|100%|HC|  |TAMS 0x000000070c000000, 0x000000070c000000| Complete 
|  10|0x000000070c000000, 0x000000070c200000, 0x000000070c200000|100%|HC|  |TAMS 0x000000070c200000, 0x000000070c200000| Complete 
|  11|0x000000070c200000, 0x000000070c400000, 0x000000070c400000|100%|HC|  |TAMS 0x000000070c400000, 0x000000070c400000| Complete 
|  12|0x000000070c400000, 0x000000070c600000, 0x000000070c600000|100%|HC|  |TAMS 0x000000070c600000, 0x000000070c600000| Complete 
|  13|0x000000070c600000, 0x000000070c800000, 0x000000070c800000|100%|HC|  |TAMS 0x000000070c800000, 0x000000070c800000| Complete 
|  14|0x000000070c800000, 0x000000070ca00000, 0x000000070ca00000|100%| O|  |TAMS 0x000000070ca00000, 0x000000070ca00000| Untracked 
|  15|0x000000070ca00000, 0x000000070cc00000, 0x000000070cc00000|100%|HS|  |TAMS 0x000000070ca00000, 0x000000070ca00000| Complete 
|  16|0x000000070cc00000, 0x000000070ce00000, 0x000000070ce00000|100%|HS|  |TAMS 0x000000070cc00000, 0x000000070ce00000| Complete 
|  17|0x000000070ce00000, 0x000000070d000000, 0x000000070d000000|100%|HS|  |TAMS 0x000000070ce00000, 0x000000070d000000| Complete 
|  18|0x000000070d000000, 0x000000070d200000, 0x000000070d200000|100%|HS|  |TAMS 0x000000070d000000, 0x000000070d000000| Complete 
|  19|0x000000070d200000, 0x000000070d400000, 0x000000070d400000|100%| O|  |TAMS 0x000000070d200000, 0x000000070d400000| Untracked 
|  20|0x000000070d400000, 0x000000070d600000, 0x000000070d600000|100%| O|  |TAMS 0x000000070d400000, 0x000000070d600000| Untracked 
|  21|0x000000070d600000, 0x000000070d800000, 0x000000070d800000|100%| O|  |TAMS 0x000000070d600000, 0x000000070d800000| Untracked 
|  22|0x000000070d800000, 0x000000070da00000, 0x000000070da00000|100%| O|  |TAMS 0x000000070d800000, 0x000000070da00000| Untracked 
|  23|0x000000070da00000, 0x000000070dc00000, 0x000000070dc00000|100%| O|  |TAMS 0x000000070da00000, 0x000000070dc00000| Untracked 
|  24|0x000000070dc00000, 0x000000070de00000, 0x000000070de00000|100%| O|  |TAMS 0x000000070dc00000, 0x000000070de00000| Untracked 
|  25|0x000000070de00000, 0x000000070dfcba00, 0x000000070e000000| 89%| O|  |TAMS 0x000000070de00000, 0x000000070dfca800| Untracked 
|  26|0x000000070e000000, 0x000000070e200000, 0x000000070e200000|100%|HS|  |TAMS 0x000000070e000000, 0x000000070e000000| Complete 
|  27|0x000000070e200000, 0x000000070e200000, 0x000000070e400000|  0%| F|  |TAMS 0x000000070e200000, 0x000000070e200000| Untracked 
|  28|0x000000070e400000, 0x000000070e400000, 0x000000070e600000|  0%| F|  |TAMS 0x000000070e400000, 0x000000070e400000| Untracked 
|  29|0x000000070e600000, 0x000000070e600000, 0x000000070e800000|  0%| F|  |TAMS 0x000000070e600000, 0x000000070e600000| Untracked 
|  30|0x000000070e800000, 0x000000070e800000, 0x000000070ea00000|  0%| F|  |TAMS 0x000000070e800000, 0x000000070e800000| Untracked 
|  31|0x000000070ea00000, 0x000000070ea00000, 0x000000070ec00000|  0%| F|  |TAMS 0x000000070ea00000, 0x000000070ea00000| Untracked 
|  32|0x000000070ec00000, 0x000000070ec00000, 0x000000070ee00000|  0%| F|  |TAMS 0x000000070ec00000, 0x000000070ec00000| Untracked 
|  33|0x000000070ee00000, 0x000000070ee00000, 0x000000070f000000|  0%| F|  |TAMS 0x000000070ee00000, 0x000000070ee00000| Untracked 
|  34|0x000000070f000000, 0x000000070f000000, 0x000000070f200000|  0%| F|  |TAMS 0x000000070f000000, 0x000000070f000000| Untracked 
|  35|0x000000070f200000, 0x000000070f200000, 0x000000070f400000|  0%| F|  |TAMS 0x000000070f200000, 0x000000070f200000| Untracked 
|  36|0x000000070f400000, 0x000000070f400000, 0x000000070f600000|  0%| F|  |TAMS 0x000000070f400000, 0x000000070f400000| Untracked 
|  37|0x000000070f600000, 0x000000070f600000, 0x000000070f800000|  0%| F|  |TAMS 0x000000070f600000, 0x000000070f600000| Untracked 
|  38|0x000000070f800000, 0x000000070f800000, 0x000000070fa00000|  0%| F|  |TAMS 0x000000070f800000, 0x000000070f800000| Untracked 
|  39|0x000000070fa00000, 0x000000070fa00000, 0x000000070fc00000|  0%| F|  |TAMS 0x000000070fa00000, 0x000000070fa00000| Untracked 
|  40|0x000000070fc00000, 0x000000070fc00000, 0x000000070fe00000|  0%| F|  |TAMS 0x000000070fc00000, 0x000000070fc00000| Untracked 
|  41|0x000000070fe00000, 0x000000070fe00000, 0x0000000710000000|  0%| F|  |TAMS 0x000000070fe00000, 0x000000070fe00000| Untracked 
|  42|0x0000000710000000, 0x0000000710000000, 0x0000000710200000|  0%| F|  |TAMS 0x0000000710000000, 0x0000000710000000| Untracked 
|  43|0x0000000710200000, 0x0000000710200000, 0x0000000710400000|  0%| F|  |TAMS 0x0000000710200000, 0x0000000710200000| Untracked 
|  44|0x0000000710400000, 0x0000000710400000, 0x0000000710600000|  0%| F|  |TAMS 0x0000000710400000, 0x0000000710400000| Untracked 
|  45|0x0000000710600000, 0x0000000710600000, 0x0000000710800000|  0%| F|  |TAMS 0x0000000710600000, 0x0000000710600000| Untracked 
|  46|0x0000000710800000, 0x0000000710800000, 0x0000000710a00000|  0%| F|  |TAMS 0x0000000710800000, 0x0000000710800000| Untracked 
|  47|0x0000000710a00000, 0x0000000710a00000, 0x0000000710c00000|  0%| F|  |TAMS 0x0000000710a00000, 0x0000000710a00000| Untracked 
|  48|0x0000000710c00000, 0x0000000710c00000, 0x0000000710e00000|  0%| F|  |TAMS 0x0000000710c00000, 0x0000000710c00000| Untracked 
|  49|0x0000000710e00000, 0x0000000710e00000, 0x0000000711000000|  0%| F|  |TAMS 0x0000000710e00000, 0x0000000710e00000| Untracked 
|  50|0x0000000711000000, 0x0000000711000000, 0x0000000711200000|  0%| F|  |TAMS 0x0000000711000000, 0x0000000711000000| Untracked 
|  51|0x0000000711200000, 0x0000000711400000, 0x0000000711400000|100%|HS|  |TAMS 0x0000000711400000, 0x0000000711400000| Complete 
|  52|0x0000000711400000, 0x0000000711400000, 0x0000000711600000|  0%| F|  |TAMS 0x0000000711400000, 0x0000000711400000| Untracked 
|  53|0x0000000711600000, 0x0000000711600000, 0x0000000711800000|  0%| F|  |TAMS 0x0000000711600000, 0x0000000711600000| Untracked 
|  54|0x0000000711800000, 0x0000000711800000, 0x0000000711a00000|  0%| F|  |TAMS 0x0000000711800000, 0x0000000711800000| Untracked 
|  55|0x0000000711a00000, 0x0000000711a00000, 0x0000000711c00000|  0%| F|  |TAMS 0x0000000711a00000, 0x0000000711a00000| Untracked 
|  56|0x0000000711c00000, 0x0000000711c00000, 0x0000000711e00000|  0%| F|  |TAMS 0x0000000711c00000, 0x0000000711c00000| Untracked 
|  57|0x0000000711e00000, 0x0000000711e00000, 0x0000000712000000|  0%| F|  |TAMS 0x0000000711e00000, 0x0000000711e00000| Untracked 
|  58|0x0000000712000000, 0x0000000712000000, 0x0000000712200000|  0%| F|  |TAMS 0x0000000712000000, 0x0000000712000000| Untracked 
|  59|0x0000000712200000, 0x0000000712200000, 0x0000000712400000|  0%| F|  |TAMS 0x0000000712200000, 0x0000000712200000| Untracked 
|  60|0x0000000712400000, 0x0000000712400000, 0x0000000712600000|  0%| F|  |TAMS 0x0000000712400000, 0x0000000712400000| Untracked 
|  61|0x0000000712600000, 0x0000000712600000, 0x0000000712800000|  0%| F|  |TAMS 0x0000000712600000, 0x0000000712600000| Untracked 
|  62|0x0000000712800000, 0x0000000712800000, 0x0000000712a00000|  0%| F|  |TAMS 0x0000000712800000, 0x0000000712800000| Untracked 
|  63|0x0000000712a00000, 0x0000000712a00000, 0x0000000712c00000|  0%| F|  |TAMS 0x0000000712a00000, 0x0000000712a00000| Untracked 
|  64|0x0000000712c00000, 0x0000000712c00000, 0x0000000712e00000|  0%| F|  |TAMS 0x0000000712c00000, 0x0000000712c00000| Untracked 
|  65|0x0000000712e00000, 0x0000000712e00000, 0x0000000713000000|  0%| F|  |TAMS 0x0000000712e00000, 0x0000000712e00000| Untracked 
|  66|0x0000000713000000, 0x0000000713000000, 0x0000000713200000|  0%| F|  |TAMS 0x0000000713000000, 0x0000000713000000| Untracked 
|  67|0x0000000713200000, 0x0000000713200000, 0x0000000713400000|  0%| F|  |TAMS 0x0000000713200000, 0x0000000713200000| Untracked 
|  68|0x0000000713400000, 0x0000000713400000, 0x0000000713600000|  0%| F|  |TAMS 0x0000000713400000, 0x0000000713400000| Untracked 
|  69|0x0000000713600000, 0x0000000713600000, 0x0000000713800000|  0%| F|  |TAMS 0x0000000713600000, 0x0000000713600000| Untracked 
|  70|0x0000000713800000, 0x0000000713800000, 0x0000000713a00000|  0%| F|  |TAMS 0x0000000713800000, 0x0000000713800000| Untracked 
|  71|0x0000000713a00000, 0x0000000713a00000, 0x0000000713c00000|  0%| F|  |TAMS 0x0000000713a00000, 0x0000000713a00000| Untracked 
|  72|0x0000000713c00000, 0x0000000713c00000, 0x0000000713e00000|  0%| F|  |TAMS 0x0000000713c00000, 0x0000000713c00000| Untracked 
|  73|0x0000000713e00000, 0x0000000713e00000, 0x0000000714000000|  0%| F|  |TAMS 0x0000000713e00000, 0x0000000713e00000| Untracked 
|  74|0x0000000714000000, 0x0000000714000000, 0x0000000714200000|  0%| F|  |TAMS 0x0000000714000000, 0x0000000714000000| Untracked 
|  75|0x0000000714200000, 0x0000000714200000, 0x0000000714400000|  0%| F|  |TAMS 0x0000000714200000, 0x0000000714200000| Untracked 
|  76|0x0000000714400000, 0x0000000714400000, 0x0000000714600000|  0%| F|  |TAMS 0x0000000714400000, 0x0000000714400000| Untracked 
|  77|0x0000000714600000, 0x0000000714600000, 0x0000000714800000|  0%| F|  |TAMS 0x0000000714600000, 0x0000000714600000| Untracked 
|  78|0x0000000714800000, 0x0000000714800000, 0x0000000714a00000|  0%| F|  |TAMS 0x0000000714800000, 0x0000000714800000| Untracked 
|  79|0x0000000714a00000, 0x0000000714a00000, 0x0000000714c00000|  0%| F|  |TAMS 0x0000000714a00000, 0x0000000714a00000| Untracked 
|  80|0x0000000714c00000, 0x0000000714c00000, 0x0000000714e00000|  0%| F|  |TAMS 0x0000000714c00000, 0x0000000714c00000| Untracked 
|  81|0x0000000714e00000, 0x0000000714e00000, 0x0000000715000000|  0%| F|  |TAMS 0x0000000714e00000, 0x0000000714e00000| Untracked 
|  82|0x0000000715000000, 0x0000000715000000, 0x0000000715200000|  0%| F|  |TAMS 0x0000000715000000, 0x0000000715000000| Untracked 
|  83|0x0000000715200000, 0x0000000715200000, 0x0000000715400000|  0%| F|  |TAMS 0x0000000715200000, 0x0000000715200000| Untracked 
|  84|0x0000000715400000, 0x0000000715400000, 0x0000000715600000|  0%| F|  |TAMS 0x0000000715400000, 0x0000000715400000| Untracked 
|  85|0x0000000715600000, 0x0000000715600000, 0x0000000715800000|  0%| F|  |TAMS 0x0000000715600000, 0x0000000715600000| Untracked 
|  86|0x0000000715800000, 0x0000000715800000, 0x0000000715a00000|  0%| F|  |TAMS 0x0000000715800000, 0x0000000715800000| Untracked 
|  87|0x0000000715a00000, 0x0000000715a00000, 0x0000000715c00000|  0%| F|  |TAMS 0x0000000715a00000, 0x0000000715a00000| Untracked 
|  88|0x0000000715c00000, 0x0000000715c00000, 0x0000000715e00000|  0%| F|  |TAMS 0x0000000715c00000, 0x0000000715c00000| Untracked 
|  89|0x0000000715e00000, 0x0000000715e00000, 0x0000000716000000|  0%| F|  |TAMS 0x0000000715e00000, 0x0000000715e00000| Untracked 
|  90|0x0000000716000000, 0x0000000716000000, 0x0000000716200000|  0%| F|  |TAMS 0x0000000716000000, 0x0000000716000000| Untracked 
|  91|0x0000000716200000, 0x0000000716200000, 0x0000000716400000|  0%| F|  |TAMS 0x0000000716200000, 0x0000000716200000| Untracked 
|  92|0x0000000716400000, 0x0000000716400000, 0x0000000716600000|  0%| F|  |TAMS 0x0000000716400000, 0x0000000716400000| Untracked 
|  93|0x0000000716600000, 0x0000000716600000, 0x0000000716800000|  0%| F|  |TAMS 0x0000000716600000, 0x0000000716600000| Untracked 
|  94|0x0000000716800000, 0x0000000716800000, 0x0000000716a00000|  0%| F|  |TAMS 0x0000000716800000, 0x0000000716800000| Untracked 
|  95|0x0000000716a00000, 0x0000000716a00000, 0x0000000716c00000|  0%| F|  |TAMS 0x0000000716a00000, 0x0000000716a00000| Untracked 
|  96|0x0000000716c00000, 0x0000000716c00000, 0x0000000716e00000|  0%| F|  |TAMS 0x0000000716c00000, 0x0000000716c00000| Untracked 
|  97|0x0000000716e00000, 0x0000000716e00000, 0x0000000717000000|  0%| F|  |TAMS 0x0000000716e00000, 0x0000000716e00000| Untracked 
|  98|0x0000000717000000, 0x0000000717000000, 0x0000000717200000|  0%| F|  |TAMS 0x0000000717000000, 0x0000000717000000| Untracked 
|  99|0x0000000717200000, 0x0000000717200000, 0x0000000717400000|  0%| F|  |TAMS 0x0000000717200000, 0x0000000717200000| Untracked 
| 100|0x0000000717400000, 0x0000000717400000, 0x0000000717600000|  0%| F|  |TAMS 0x0000000717400000, 0x0000000717400000| Untracked 
| 101|0x0000000717600000, 0x0000000717600000, 0x0000000717800000|  0%| F|  |TAMS 0x0000000717600000, 0x0000000717600000| Untracked 
| 102|0x0000000717800000, 0x0000000717800000, 0x0000000717a00000|  0%| F|  |TAMS 0x0000000717800000, 0x0000000717800000| Untracked 
| 103|0x0000000717a00000, 0x0000000717a00000, 0x0000000717c00000|  0%| F|  |TAMS 0x0000000717a00000, 0x0000000717a00000| Untracked 
| 104|0x0000000717c00000, 0x0000000717c00000, 0x0000000717e00000|  0%| F|  |TAMS 0x0000000717c00000, 0x0000000717c00000| Untracked 
| 105|0x0000000717e00000, 0x0000000717e00000, 0x0000000718000000|  0%| F|  |TAMS 0x0000000717e00000, 0x0000000717e00000| Untracked 
| 106|0x0000000718000000, 0x0000000718000000, 0x0000000718200000|  0%| F|  |TAMS 0x0000000718000000, 0x0000000718000000| Untracked 
| 107|0x0000000718200000, 0x0000000718200000, 0x0000000718400000|  0%| F|  |TAMS 0x0000000718200000, 0x0000000718200000| Untracked 
| 108|0x0000000718400000, 0x0000000718400000, 0x0000000718600000|  0%| F|  |TAMS 0x0000000718400000, 0x0000000718400000| Untracked 
| 109|0x0000000718600000, 0x0000000718600000, 0x0000000718800000|  0%| F|  |TAMS 0x0000000718600000, 0x0000000718600000| Untracked 
| 110|0x0000000718800000, 0x0000000718800000, 0x0000000718a00000|  0%| F|  |TAMS 0x0000000718800000, 0x0000000718800000| Untracked 
| 111|0x0000000718a00000, 0x0000000718a00000, 0x0000000718c00000|  0%| F|  |TAMS 0x0000000718a00000, 0x0000000718a00000| Untracked 
| 112|0x0000000718c00000, 0x0000000718c00000, 0x0000000718e00000|  0%| F|  |TAMS 0x0000000718c00000, 0x0000000718c00000| Untracked 
| 113|0x0000000718e00000, 0x0000000718e00000, 0x0000000719000000|  0%| F|  |TAMS 0x0000000718e00000, 0x0000000718e00000| Untracked 
| 114|0x0000000719000000, 0x0000000719000000, 0x0000000719200000|  0%| F|  |TAMS 0x0000000719000000, 0x0000000719000000| Untracked 
| 115|0x0000000719200000, 0x0000000719200000, 0x0000000719400000|  0%| F|  |TAMS 0x0000000719200000, 0x0000000719200000| Untracked 
| 116|0x0000000719400000, 0x0000000719400000, 0x0000000719600000|  0%| F|  |TAMS 0x0000000719400000, 0x0000000719400000| Untracked 
| 117|0x0000000719600000, 0x0000000719600000, 0x0000000719800000|  0%| F|  |TAMS 0x0000000719600000, 0x0000000719600000| Untracked 
| 118|0x0000000719800000, 0x0000000719800000, 0x0000000719a00000|  0%| F|  |TAMS 0x0000000719800000, 0x0000000719800000| Untracked 
| 143|0x000000071ca00000, 0x000000071ca00000, 0x000000071cc00000|  0%| F|  |TAMS 0x000000071ca00000, 0x000000071ca00000| Untracked 
| 144|0x000000071cc00000, 0x000000071cd64b60, 0x000000071ce00000| 69%| S|CS|TAMS 0x000000071cc00000, 0x000000071cc00000| Complete 
| 145|0x000000071ce00000, 0x000000071ce00000, 0x000000071d000000|  0%| F|  |TAMS 0x000000071ce00000, 0x000000071ce00000| Untracked 
| 146|0x000000071d000000, 0x000000071d092408, 0x000000071d200000| 28%| E|  |TAMS 0x000000071d000000, 0x000000071d000000| Complete 
| 185|0x0000000721e00000, 0x0000000722000000, 0x0000000722000000|100%| E|CS|TAMS 0x0000000721e00000, 0x0000000721e00000| Complete 

Card table byte_map: [0x00000199f9090000,0x00000199f9840000] _byte_map_base: 0x00000199f583a000

Marking Bits (Prev, Next): (CMBitMap*) 0x00000199df9d5d50, (CMBitMap*) 0x00000199df9d5d10
 Prev Bits: [0x0000019980000000, 0x0000019983d50000)
 Next Bits: [0x00000199f9ff0000, 0x00000199fdd40000)

Polling page: 0x00000199dfc20000

Metaspace:

Usage:
  Non-class:     26.36 MB used.
      Class:      2.29 MB used.
       Both:     28.65 MB used.

Virtual space:
  Non-class space:       64.00 MB reserved,      26.50 MB ( 41%) committed,  1 nodes.
      Class space:        1.00 GB reserved,       2.38 MB ( <1%) committed,  1 nodes.
             Both:        1.06 GB reserved,      28.88 MB (  3%) committed. 

Chunk freelists:
   Non-Class:  4.80 MB
       Class:  13.51 MB
        Both:  18.31 MB

MaxMetaspaceSize: unlimited
CompressedClassSpaceSize: 1.00 GB
Initial GC threshold: 21.00 MB
Current GC threshold: 35.88 MB
CDS: on
MetaspaceReclaimPolicy: balanced
 - commit_granule_bytes: 65536.
 - commit_granule_words: 8192.
 - virtual_space_node_default_size: 8388608.
 - enlarge_chunks_in_place: 1.
 - new_chunks_are_fully_committed: 0.
 - uncommit_free_chunks: 1.
 - use_allocation_guard: 0.
 - handle_deallocations: 1.


Internal statistics:

num_allocs_failed_limit: 6.
num_arena_births: 216.
num_arena_deaths: 0.
num_vsnodes_births: 2.
num_vsnodes_deaths: 0.
num_space_committed: 456.
num_space_uncommitted: 0.
num_chunks_returned_to_freelist: 6.
num_chunks_taken_from_freelist: 1022.
num_chunk_merges: 6.
num_chunk_splits: 792.
num_chunks_enlarged: 643.
num_inconsistent_stats: 0.

CodeHeap 'non-profiled nmethods': size=120000Kb used=2937Kb max_used=2937Kb free=117062Kb
 bounds [0x00000199f0810000, 0x00000199f0af0000, 0x00000199f7d40000]
CodeHeap 'profiled nmethods': size=120000Kb used=7608Kb max_used=8907Kb free=112391Kb
 bounds [0x00000199e8d40000, 0x00000199e9600000, 0x00000199f0270000]
CodeHeap 'non-nmethods': size=5760Kb used=2421Kb max_used=2502Kb free=3338Kb
 bounds [0x00000199f0270000, 0x00000199f04f0000, 0x00000199f0810000]
 total_blobs=5490 nmethods=3551 adapters=1851
 compilation: enabled
              stopped_count=0, restarted_count=0
 full_count=0

Compilation events (20 events):
Event: 39.219 Thread 0x0000019984379420 nmethod 4161 0x00000199e9478b10 code [0x00000199e9478cc0, 0x00000199e9478e28]
Event: 39.219 Thread 0x0000019984379420 4166  s    3       processing.video.Capture::read (101 bytes)
Event: 39.219 Thread 0x0000019984379420 nmethod 4166 0x00000199e93b8c90 code [0x00000199e93b8e80, 0x00000199e93b9538]
Event: 39.219 Thread 0x0000019984379420 4167       3       gab.opencv.OpenCV::loadImage (51 bytes)
Event: 39.219 Thread 0x0000019984379420 nmethod 4167 0x00000199e93a5f10 code [0x00000199e93a6100, 0x00000199e93a6548]
Event: 39.219 Thread 0x0000019984379420 4168       3       org.opencv.core.Core::merge (17 bytes)
Event: 39.219 Thread 0x0000019984379420 nmethod 4168 0x00000199e916fa90 code [0x00000199e916fc40, 0x00000199e916fdb8]
Event: 39.366 Thread 0x0000019984376b00 4170       4       java.lang.StringBuilder::append (8 bytes)
Event: 39.367 Thread 0x0000019984379420 4171       3       java.util.regex.Matcher::groupCount (10 bytes)
Event: 39.367 Thread 0x0000019984379420 nmethod 4171 0x00000199e8d62010 code [0x00000199e8d621a0, 0x00000199e8d622b8]
Event: 39.376 Thread 0x0000019984376b00 nmethod 4170 0x00000199f0ab6e90 code [0x00000199f0ab7040, 0x00000199f0ab79d8]
Event: 39.576 Thread 0x0000019984376b00 4172       4       org.opencv.core.Mat::finalize (12 bytes)
Event: 39.576 Thread 0x0000019984376b00 nmethod 4172 0x00000199f08f8690 code [0x00000199f08f8820, 0x00000199f08f88c8]
Event: 39.578 Thread 0x0000019984379420 4173   !   3       java.lang.ref.Finalizer::runFinalizer (131 bytes)
Event: 39.578 Thread 0x0000019984376b00 4174       4       java.lang.System$2::invokeFinalize (5 bytes)
Event: 39.579 Thread 0x0000019984379420 nmethod 4173 0x00000199e916e990 code [0x00000199e916ebc0, 0x00000199e916f6e8]
Event: 39.579 Thread 0x0000019984376b00 nmethod 4174 0x00000199f08f8290 code [0x00000199f08f8420, 0x00000199f08f8538]
Event: 39.579 Thread 0x0000019984376b00 4175       4       java.lang.ref.FinalReference::clear (5 bytes)
Event: 39.579 Thread 0x0000019984376b00 nmethod 4175 0x00000199f08f7f90 code [0x00000199f08f8100, 0x00000199f08f81d8]
Event: 39.625 Thread 0x0000019984376b00 4176       4       processing.opengl.PGraphicsOpenGL::flushPolys (707 bytes)

GC Heap History (20 events):
Event: 31.378 GC heap before
{Heap before GC invocations=40 (full 0):
 garbage-first heap   total 253952K, used 162980K [0x000000070ac00000, 0x0000000800000000)
  region size 2048K, 26 young (53248K), 1 survivors (2048K)
 Metaspace       used 29228K, committed 29440K, reserved 1114112K
  class space    used 2347K, committed 2432K, reserved 1048576K
}
Event: 31.380 GC heap after
{Heap after GC invocations=41 (full 0):
 garbage-first heap   total 253952K, used 50338K [0x000000070ac00000, 0x0000000800000000)
  region size 2048K, 1 young (2048K), 1 survivors (2048K)
 Metaspace       used 29228K, committed 29440K, reserved 1114112K
  class space    used 2347K, committed 2432K, reserved 1048576K
}
Event: 32.299 GC heap before
{Heap before GC invocations=41 (full 0):
 garbage-first heap   total 253952K, used 162978K [0x000000070ac00000, 0x0000000800000000)
  region size 2048K, 26 young (53248K), 1 survivors (2048K)
 Metaspace       used 29299K, committed 29504K, reserved 1114112K
  class space    used 2347K, committed 2432K, reserved 1048576K
}
Event: 32.301 GC heap after
{Heap after GC invocations=42 (full 0):
 garbage-first heap   total 253952K, used 50341K [0x000000070ac00000, 0x0000000800000000)
  region size 2048K, 1 young (2048K), 1 survivors (2048K)
 Metaspace       used 29299K, committed 29504K, reserved 1114112K
  class space    used 2347K, committed 2432K, reserved 1048576K
}
Event: 33.259 GC heap before
{Heap before GC invocations=42 (full 0):
 garbage-first heap   total 253952K, used 162981K [0x000000070ac00000, 0x0000000800000000)
  region size 2048K, 26 young (53248K), 1 survivors (2048K)
 Metaspace       used 29302K, committed 29504K, reserved 1114112K
  class space    used 2347K, committed 2432K, reserved 1048576K
}
Event: 33.261 GC heap after
{Heap after GC invocations=43 (full 0):
 garbage-first heap   total 253952K, used 50360K [0x000000070ac00000, 0x0000000800000000)
  region size 2048K, 1 young (2048K), 1 survivors (2048K)
 Metaspace       used 29302K, committed 29504K, reserved 1114112K
  class space    used 2347K, committed 2432K, reserved 1048576K
}
Event: 34.208 GC heap before
{Heap before GC invocations=43 (full 0):
 garbage-first heap   total 253952K, used 163000K [0x000000070ac00000, 0x0000000800000000)
  region size 2048K, 26 young (53248K), 1 survivors (2048K)
 Metaspace       used 29305K, committed 29504K, reserved 1114112K
  class space    used 2347K, committed 2432K, reserved 1048576K
}
Event: 34.210 GC heap after
{Heap after GC invocations=44 (full 0):
 garbage-first heap   total 253952K, used 50334K [0x000000070ac00000, 0x0000000800000000)
  region size 2048K, 1 young (2048K), 1 survivors (2048K)
 Metaspace       used 29305K, committed 29504K, reserved 1114112K
  class space    used 2347K, committed 2432K, reserved 1048576K
}
Event: 35.164 GC heap before
{Heap before GC invocations=44 (full 0):
 garbage-first heap   total 253952K, used 162974K [0x000000070ac00000, 0x0000000800000000)
  region size 2048K, 26 young (53248K), 1 survivors (2048K)
 Metaspace       used 29305K, committed 29504K, reserved 1114112K
  class space    used 2347K, committed 2432K, reserved 1048576K
}
Event: 35.166 GC heap after
{Heap after GC invocations=45 (full 0):
 garbage-first heap   total 253952K, used 50332K [0x000000070ac00000, 0x0000000800000000)
  region size 2048K, 1 young (2048K), 1 survivors (2048K)
 Metaspace       used 29305K, committed 29504K, reserved 1114112K
  class space    used 2347K, committed 2432K, reserved 1048576K
}
Event: 36.116 GC heap before
{Heap before GC invocations=45 (full 0):
 garbage-first heap   total 253952K, used 162972K [0x000000070ac00000, 0x0000000800000000)
  region size 2048K, 26 young (53248K), 1 survivors (2048K)
 Metaspace       used 29309K, committed 29504K, reserved 1114112K
  class space    used 2347K, committed 2432K, reserved 1048576K
}
Event: 36.117 GC heap after
{Heap after GC invocations=46 (full 0):
 garbage-first heap   total 253952K, used 50336K [0x000000070ac00000, 0x0000000800000000)
  region size 2048K, 1 young (2048K), 1 survivors (2048K)
 Metaspace       used 29309K, committed 29504K, reserved 1114112K
  class space    used 2347K, committed 2432K, reserved 1048576K
}
Event: 37.076 GC heap before
{Heap before GC invocations=46 (full 0):
 garbage-first heap   total 253952K, used 162976K [0x000000070ac00000, 0x0000000800000000)
  region size 2048K, 26 young (53248K), 1 survivors (2048K)
 Metaspace       used 29309K, committed 29504K, reserved 1114112K
  class space    used 2347K, committed 2432K, reserved 1048576K
}
Event: 37.077 GC heap after
{Heap after GC invocations=47 (full 0):
 garbage-first heap   total 253952K, used 50342K [0x000000070ac00000, 0x0000000800000000)
  region size 2048K, 1 young (2048K), 1 survivors (2048K)
 Metaspace       used 29309K, committed 29504K, reserved 1114112K
  class space    used 2347K, committed 2432K, reserved 1048576K
}
Event: 37.938 GC heap before
{Heap before GC invocations=47 (full 0):
 garbage-first heap   total 253952K, used 128166K [0x000000070ac00000, 0x0000000800000000)
  region size 2048K, 9 young (18432K), 1 survivors (2048K)
 Metaspace       used 29309K, committed 29504K, reserved 1114112K
  class space    used 2347K, committed 2432K, reserved 1048576K
}
Event: 37.940 GC heap after
{Heap after GC invocations=48 (full 0):
 garbage-first heap   total 253952K, used 50343K [0x000000070ac00000, 0x0000000800000000)
  region size 2048K, 1 young (2048K), 1 survivors (2048K)
 Metaspace       used 29309K, committed 29504K, reserved 1114112K
  class space    used 2347K, committed 2432K, reserved 1048576K
}
Event: 38.746 GC heap before
{Heap before GC invocations=48 (full 0):
 garbage-first heap   total 253952K, used 115879K [0x000000070ac00000, 0x0000000800000000)
  region size 2048K, 2 young (4096K), 1 survivors (2048K)
 Metaspace       used 29309K, committed 29504K, reserved 1114112K
  class space    used 2347K, committed 2432K, reserved 1048576K
}
Event: 38.748 GC heap after
{Heap after GC invocations=49 (full 0):
 garbage-first heap   total 253952K, used 50347K [0x000000070ac00000, 0x0000000800000000)
  region size 2048K, 1 young (2048K), 1 survivors (2048K)
 Metaspace       used 29309K, committed 29504K, reserved 1114112K
  class space    used 2347K, committed 2432K, reserved 1048576K
}
Event: 39.574 GC heap before
{Heap before GC invocations=49 (full 0):
 garbage-first heap   total 253952K, used 117931K [0x000000070ac00000, 0x0000000800000000)
  region size 2048K, 3 young (6144K), 1 survivors (2048K)
 Metaspace       used 29340K, committed 29568K, reserved 1114112K
  class space    used 2347K, committed 2432K, reserved 1048576K
}
Event: 39.575 GC heap after
{Heap after GC invocations=50 (full 0):
 garbage-first heap   total 253952K, used 50369K [0x000000070ac00000, 0x0000000800000000)
  region size 2048K, 1 young (2048K), 1 survivors (2048K)
 Metaspace       used 29340K, committed 29568K, reserved 1114112K
  class space    used 2347K, committed 2432K, reserved 1048576K
}

Dll operation events (20 events):
Event: 8.005 Loaded shared library C:\Users\Nuno Carvalho\.javacpp\cache\opencv-4.6.0-1.5.8-windows-x86_64.jar\org\bytedeco\opencv\windows-x86_64\opencv_text460.dll
Event: 8.009 Loaded shared library C:\Users\Nuno Carvalho\.javacpp\cache\opencv-4.6.0-1.5.8-windows-x86_64.jar\org\bytedeco\opencv\windows-x86_64\jniopencv_text.dll
Event: 8.032 Loaded shared library C:\Users\Nuno Carvalho\.javacpp\cache\opencv-4.6.0-1.5.8-windows-x86_64.jar\org\bytedeco\opencv\windows-x86_64\opencv_plot460.dll
Event: 8.035 Loaded shared library C:\Users\Nuno Carvalho\.javacpp\cache\opencv-4.6.0-1.5.8-windows-x86_64.jar\org\bytedeco\opencv\windows-x86_64\jniopencv_plot.dll
Event: 8.056 Loaded shared library C:\Users\Nuno Carvalho\.javacpp\cache\opencv-4.6.0-1.5.8-windows-x86_64.jar\org\bytedeco\opencv\windows-x86_64\opencv_tracking460.dll
Event: 8.061 Loaded shared library C:\Users\Nuno Carvalho\.javacpp\cache\opencv-4.6.0-1.5.8-windows-x86_64.jar\org\bytedeco\opencv\windows-x86_64\jniopencv_tracking.dll
Event: 8.100 Loaded shared library C:\Users\Nuno Carvalho\.javacpp\cache\opencv-4.6.0-1.5.8-windows-x86_64.jar\org\bytedeco\opencv\windows-x86_64\opencv_shape460.dll
Event: 8.104 Loaded shared library C:\Users\Nuno Carvalho\.javacpp\cache\opencv-4.6.0-1.5.8-windows-x86_64.jar\org\bytedeco\opencv\windows-x86_64\jniopencv_shape.dll
Event: 8.128 Loaded shared library C:\Users\Nuno Carvalho\.javacpp\cache\opencv-4.6.0-1.5.8-windows-x86_64.jar\org\bytedeco\opencv\windows-x86_64\opencv_xfeatures2d460.dll
Event: 8.133 Loaded shared library C:\Users\Nuno Carvalho\.javacpp\cache\opencv-4.6.0-1.5.8-windows-x86_64.jar\org\bytedeco\opencv\windows-x86_64\jniopencv_xfeatures2d.dll
Event: 8.163 Loaded shared library C:\Users\Nuno Carvalho\.javacpp\cache\opencv-4.6.0-1.5.8-windows-x86_64.jar\org\bytedeco\opencv\windows-x86_64\opencv_ximgproc460.dll
Event: 8.167 Loaded shared library C:\Users\Nuno Carvalho\.javacpp\cache\opencv-4.6.0-1.5.8-windows-x86_64.jar\org\bytedeco\opencv\windows-x86_64\jniopencv_ximgproc.dll
Event: 8.194 Loaded shared library C:\Users\Nuno Carvalho\.javacpp\cache\opencv-4.6.0-1.5.8-windows-x86_64.jar\org\bytedeco\opencv\windows-x86_64\opencv_xphoto460.dll
Event: 8.198 Loaded shared library C:\Users\Nuno Carvalho\.javacpp\cache\opencv-4.6.0-1.5.8-windows-x86_64.jar\org\bytedeco\opencv\windows-x86_64\jniopencv_xphoto.dll
Event: 8.225 Loaded shared library C:\Users\Nuno Carvalho\.javacpp\cache\opencv-4.6.0-1.5.8-windows-x86_64.jar\org\bytedeco\opencv\windows-x86_64\opencv_barcode460.dll
Event: 8.229 Loaded shared library C:\Users\Nuno Carvalho\.javacpp\cache\opencv-4.6.0-1.5.8-windows-x86_64.jar\org\bytedeco\opencv\windows-x86_64\jniopencv_barcode.dll
Event: 8.254 Loaded shared library C:\Users\Nuno Carvalho\.javacpp\cache\opencv-4.6.0-1.5.8-windows-x86_64.jar\org\bytedeco\opencv\windows-x86_64\opencv_wechat_qrcode460.dll
Event: 8.258 Loaded shared library C:\Users\Nuno Carvalho\.javacpp\cache\opencv-4.6.0-1.5.8-windows-x86_64.jar\org\bytedeco\opencv\windows-x86_64\jniopencv_wechat_qrcode.dll
Event: 8.286 Loaded shared library C:\Users\Nuno Carvalho\.javacpp\cache\opencv-4.6.0-1.5.8-windows-x86_64.jar\org\bytedeco\opencv\windows-x86_64\opencv_java.dll
Event: 8.303 Loaded shared library C:\Users\Nuno Carvalho\.javacpp\cache\opencv-4.6.0-1.5.8-windows-x86_64.jar\org\bytedeco\opencv\windows-x86_64\jniopencv_java.dll

Deoptimization events (20 events):
Event: 39.573 Thread 0x00000199d46a30c0 DEOPT PACKING pc=0x00000199e95df3e1 sp=0x0000003d06bfea10
Event: 39.573 Thread 0x00000199d46a30c0 DEOPT UNPACKING pc=0x00000199f02c7143 sp=0x0000003d06bfdf00 mode 1
Event: 39.573 Thread 0x00000199d46a30c0 DEOPT PACKING pc=0x00000199e9572d14 sp=0x0000003d06bfeaa0
Event: 39.573 Thread 0x00000199d46a30c0 DEOPT UNPACKING pc=0x00000199f02c7143 sp=0x0000003d06bfdf48 mode 1
Event: 39.573 Thread 0x00000199d46a30c0 DEOPT PACKING pc=0x00000199e95df3e1 sp=0x0000003d06bfeaa0
Event: 39.573 Thread 0x00000199d46a30c0 DEOPT UNPACKING pc=0x00000199f02c7143 sp=0x0000003d06bfdf90 mode 1
Event: 39.573 Thread 0x00000199d46a30c0 DEOPT PACKING pc=0x00000199e9572d14 sp=0x0000003d06bfeb30
Event: 39.573 Thread 0x00000199d46a30c0 DEOPT UNPACKING pc=0x00000199f02c7143 sp=0x0000003d06bfdfd8 mode 1
Event: 39.576 Thread 0x00000199843550e0 Uncommon trap: trap_request=0xffffff45 fr.pc=0x00000199f0aa1abc relative=0x00000000000005fc
Event: 39.576 Thread 0x00000199843550e0 Uncommon trap: reason=unstable_if action=reinterpret pc=0x00000199f0aa1abc method=java.lang.ref.Finalizer.runFinalizer(Ljdk/internal/access/JavaLangAccess;)V @ 21 c2
Event: 39.576 Thread 0x00000199843550e0 DEOPT PACKING pc=0x00000199f0aa1abc sp=0x0000003d03efefd0
Event: 39.576 Thread 0x00000199843550e0 DEOPT UNPACKING pc=0x00000199f02c69a3 sp=0x0000003d03efef88 mode 2
Event: 39.630 Thread 0x00000199d46a30c0 DEOPT PACKING pc=0x00000199e95df3e1 sp=0x0000003d06bfea10
Event: 39.630 Thread 0x00000199d46a30c0 DEOPT UNPACKING pc=0x00000199f02c7143 sp=0x0000003d06bfdf00 mode 1
Event: 39.630 Thread 0x00000199d46a30c0 DEOPT PACKING pc=0x00000199e9572d14 sp=0x0000003d06bfeaa0
Event: 39.630 Thread 0x00000199d46a30c0 DEOPT UNPACKING pc=0x00000199f02c7143 sp=0x0000003d06bfdf48 mode 1
Event: 39.630 Thread 0x00000199d46a30c0 DEOPT PACKING pc=0x00000199e95df3e1 sp=0x0000003d06bfeaa0
Event: 39.630 Thread 0x00000199d46a30c0 DEOPT UNPACKING pc=0x00000199f02c7143 sp=0x0000003d06bfdf90 mode 1
Event: 39.630 Thread 0x00000199d46a30c0 DEOPT PACKING pc=0x00000199e9572d14 sp=0x0000003d06bfeb30
Event: 39.630 Thread 0x00000199d46a30c0 DEOPT UNPACKING pc=0x00000199f02c7143 sp=0x0000003d06bfdfd8 mode 1

Classes unloaded (0 events):
No events

Classes redefined (0 events):
No events

Internal exceptions (20 events):
Event: 6.663 Thread 0x00000199d46a30c0 Exception <a 'java/lang/NoSuchMethodError'{0x000000071e268ac0}: 'int java.lang.invoke.DirectMethodHandle$Holder.invokeStaticInit(java.lang.Object, java.lang.Object)'> (0x000000071e268ac0) 
thrown [s\src\hotspot\share\interpreter\linkResolver.cpp, line 759]
Event: 11.797 Thread 0x00000199d9673ff0 Implicit null exception at 0x00000199f0a3f315 to 0x00000199f0a3f944
Event: 11.861 Thread 0x00000199d9673ff0 Implicit null exception at 0x00000199f0a40c93 to 0x00000199f0a4184c
Event: 11.941 Thread 0x00000199d9673ff0 Implicit null exception at 0x00000199f0a42864 to 0x00000199f0a42ed8
Event: 12.037 Thread 0x00000199d9673ff0 Implicit null exception at 0x00000199f0a467a9 to 0x00000199f0a46ddc
Event: 12.434 Thread 0x00000199d46a30c0 Implicit null exception at 0x00000199f0a24af3 to 0x00000199f0a24d6d
Event: 13.301 Thread 0x00000199d9673ff0 Implicit null exception at 0x00000199f0a57a95 to 0x00000199f0a57c84
Event: 17.173 Thread 0x00000199d9673ff0 Implicit null exception at 0x00000199f0a919b7 to 0x00000199f0a951c0
Event: 17.509 Thread 0x00000199d9673ff0 Implicit null exception at 0x00000199f0a9d225 to 0x00000199f0aa0abc
Event: 18.036 Thread 0x00000199d9673ff0 Implicit null exception at 0x00000199f0aada31 to 0x00000199f0ab129c
Event: 21.515 Thread 0x00000199d9673ff0 Implicit null exception at 0x00000199f0ad6049 to 0x00000199f0ad94a8
Event: 21.515 Thread 0x00000199d9673ff0 Implicit null exception at 0x00000199f0adc682 to 0x00000199f0adcecc
Event: 21.829 Thread 0x00000199d9673ff0 Implicit null exception at 0x00000199f09257ee to 0x00000199f0928cc8
Event: 22.101 Thread 0x00000199d9673ff0 Implicit null exception at 0x00000199f0966434 to 0x00000199f0969900
Event: 22.437 Thread 0x00000199d9673ff0 Implicit null exception at 0x00000199f08a234f to 0x00000199f08a57ec
Event: 22.742 Thread 0x00000199d9673ff0 Implicit null exception at 0x00000199f0a93f17 to 0x00000199f0a96bc4
Event: 25.077 Thread 0x00000199d9673ff0 Implicit null exception at 0x00000199f08c9da1 to 0x00000199f08cb0c0
Event: 26.501 Thread 0x00000199d9673ff0 Implicit null exception at 0x00000199f099dca9 to 0x00000199f099deb0
Event: 26.526 Thread 0x00000199d9673ff0 Exception <a 'java/lang/NoSuchMethodError'{0x0000000717954450}: 'java.lang.Object java.lang.invoke.DirectMethodHandle$Holder.invokeStatic(java.lang.Object, int, java.lang.Object)'> (0x0000000717954450) 
thrown [s\src\hotspot\share\interpreter\linkResolver.cpp, line 759]
Event: 26.532 Thread 0x00000199d9673ff0 Exception <a 'java/lang/ClassNotFoundException'{0x000000071796b878}: sun/util/logging/resources/spi/loggingProvider> (0x000000071796b878) 
thrown [s\src\hotspot\share\classfile\systemDictionary.cpp, line 256]

VM Operations (20 events):
Event: 31.378 Executing VM operation: G1TryInitiateConcMark
Event: 31.380 Executing VM operation: G1TryInitiateConcMark done
Event: 32.299 Executing VM operation: G1TryInitiateConcMark
Event: 32.301 Executing VM operation: G1TryInitiateConcMark done
Event: 33.259 Executing VM operation: G1TryInitiateConcMark
Event: 33.261 Executing VM operation: G1TryInitiateConcMark done
Event: 34.208 Executing VM operation: G1TryInitiateConcMark
Event: 34.210 Executing VM operation: G1TryInitiateConcMark done
Event: 35.164 Executing VM operation: G1TryInitiateConcMark
Event: 35.166 Executing VM operation: G1TryInitiateConcMark done
Event: 36.115 Executing VM operation: G1TryInitiateConcMark
Event: 36.117 Executing VM operation: G1TryInitiateConcMark done
Event: 37.076 Executing VM operation: G1TryInitiateConcMark
Event: 37.077 Executing VM operation: G1TryInitiateConcMark done
Event: 37.938 Executing VM operation: G1TryInitiateConcMark
Event: 37.940 Executing VM operation: G1TryInitiateConcMark done
Event: 38.746 Executing VM operation: G1TryInitiateConcMark
Event: 38.748 Executing VM operation: G1TryInitiateConcMark done
Event: 39.574 Executing VM operation: G1TryInitiateConcMark
Event: 39.575 Executing VM operation: G1TryInitiateConcMark done

Events (20 events):
Event: 26.531 loading class java/lang/Throwable$PrintStreamOrWriter done
Event: 26.531 loading class java/lang/Throwable$WrappedPrintWriter done
Event: 26.531 loading class java/lang/StackTraceElement$HashedModules
Event: 26.531 loading class java/lang/StackTraceElement$HashedModules done
Event: 26.532 loading class java/util/logging/Level$RbAccess
Event: 26.532 loading class java/util/logging/Level$RbAccess done
Event: 26.532 loading class sun/util/logging/resources/logging
Event: 26.532 loading class sun/util/logging/resources/logging done
Event: 26.532 loading class sun/util/logging/resources/logging_pt
Event: 26.532 loading class sun/util/logging/resources/logging_pt done
Event: 26.532 loading class sun/util/logging/resources/logging_pt
Event: 26.532 loading class sun/util/logging/resources/logging_pt done
Event: 26.532 loading class sun/util/logging/resources/logging_pt_PT
Event: 26.532 loading class sun/util/logging/resources/logging_pt_PT done
Event: 26.532 loading class sun/util/logging/resources/logging_pt_PT
Event: 26.532 loading class sun/util/logging/resources/logging_pt_PT done
Event: 26.533 loading class java/util/Formatter$DateTime
Event: 26.533 loading class java/util/Formatter$DateTime done
Event: 26.533 loading class java/time/ZonedDateTime$1
Event: 26.533 loading class java/time/ZonedDateTime$1 done


Dynamic libraries:
0x00007ff66cfb0000 - 0x00007ff66cfbe000 	C:\Program Files\Processing\app\resources\jdk\bin\java.exe
0x00007ffc56460000 - 0x00007ffc566c6000 	C:\WINDOWS\SYSTEM32\ntdll.dll
0x00007ffc0e160000 - 0x00007ffc0e181000 	C:\Program Files\Avast Software\Avast\aswhook.dll
0x00007ffc55520000 - 0x00007ffc555e9000 	C:\WINDOWS\System32\KERNEL32.DLL
0x00007ffc53960000 - 0x00007ffc53d5e000 	C:\WINDOWS\System32\KERNELBASE.dll
0x00007ffc53680000 - 0x00007ffc537cc000 	C:\WINDOWS\System32\ucrtbase.dll
0x00007ffc50420000 - 0x00007ffc50439000 	C:\Program Files\Processing\app\resources\jdk\bin\VCRUNTIME140.dll
0x00007ffc4d740000 - 0x00007ffc4d757000 	C:\Program Files\Processing\app\resources\jdk\bin\jli.dll
0x00007ffc556d0000 - 0x00007ffc55897000 	C:\WINDOWS\System32\USER32.dll
0x00007ffc53930000 - 0x00007ffc53957000 	C:\WINDOWS\System32\win32u.dll
0x00007ffc33460000 - 0x00007ffc336f2000 	C:\WINDOWS\WinSxS\amd64_microsoft.windows.common-controls_6595b64144ccf1df_6.0.26100.8875_none_3e0d5d42e32fe9dd\COMCTL32.dll
0x00007ffc54d30000 - 0x00007ffc54d5b000 	C:\WINDOWS\System32\GDI32.dll
0x00007ffc56370000 - 0x00007ffc56419000 	C:\WINDOWS\System32\msvcrt.dll
0x00007ffc54060000 - 0x00007ffc5418a000 	C:\WINDOWS\System32\gdi32full.dll
0x00007ffc53fb0000 - 0x00007ffc54053000 	C:\WINDOWS\System32\msvcp_win.dll
0x00007ffc55690000 - 0x00007ffc556c2000 	C:\WINDOWS\System32\IMM32.DLL
0x00007ffc4d770000 - 0x00007ffc4d77c000 	C:\Program Files\Processing\app\resources\jdk\bin\vcruntime140_1.dll
0x00007ffc2ffd0000 - 0x00007ffc30061000 	C:\Program Files\Processing\app\resources\jdk\bin\msvcp140.dll
0x00007ffbfa340000 - 0x00007ffbfaf8c000 	C:\Program Files\Processing\app\resources\jdk\bin\server\jvm.dll
0x00007ffc558a0000 - 0x00007ffc55957000 	C:\WINDOWS\System32\ADVAPI32.dll
0x00007ffc54a40000 - 0x00007ffc54aea000 	C:\WINDOWS\System32\sechost.dll
0x00007ffc54af0000 - 0x00007ffc54c08000 	C:\WINDOWS\System32\RPCRT4.dll
0x00007ffc4bb50000 - 0x00007ffc4bb86000 	C:\WINDOWS\SYSTEM32\WINMM.dll
0x00007ffc3a7e0000 - 0x00007ffc3a7ea000 	C:\WINDOWS\SYSTEM32\WSOCK32.dll
0x00007ffc53430000 - 0x00007ffc5348e000 	C:\WINDOWS\SYSTEM32\POWRPROF.dll
0x00007ffc4bf60000 - 0x00007ffc4bf6b000 	C:\WINDOWS\SYSTEM32\VERSION.dll
0x00007ffc548f0000 - 0x00007ffc54970000 	C:\WINDOWS\System32\WS2_32.dll
0x00007ffc53410000 - 0x00007ffc53424000 	C:\WINDOWS\SYSTEM32\UMPDC.dll
0x00007ffc52360000 - 0x00007ffc5237b000 	C:\WINDOWS\SYSTEM32\kernel.appcore.dll
0x00007ffc3d7d0000 - 0x00007ffc3d7da000 	C:\Program Files\Processing\app\resources\jdk\bin\jimage.dll
0x00007ffc48c90000 - 0x00007ffc48ed2000 	C:\WINDOWS\SYSTEM32\DBGHELP.DLL
0x00007ffc55d70000 - 0x00007ffc560f3000 	C:\WINDOWS\System32\combase.dll
0x00007ffc54810000 - 0x00007ffc548e9000 	C:\WINDOWS\System32\OLEAUT32.dll
0x00007ffc46df0000 - 0x00007ffc46e2b000 	C:\WINDOWS\SYSTEM32\dbgcore.DLL
0x00007ffc537e0000 - 0x00007ffc5388c000 	C:\WINDOWS\System32\bcryptPrimitives.dll
0x00007ffc2ff90000 - 0x00007ffc2ffcb000 	C:\Program Files\Processing\app\resources\jdk\bin\jdwp.dll
0x00007ffc2ff60000 - 0x00007ffc2ff85000 	C:\Program Files\Processing\app\resources\jdk\bin\java.dll
0x00007ffc2fe80000 - 0x00007ffc2ff56000 	C:\Program Files\Processing\app\resources\jdk\bin\jsvml.dll
0x00007ffc54d60000 - 0x00007ffc554f2000 	C:\WINDOWS\System32\SHELL32.dll
0x00007ffc51140000 - 0x00007ffc519d2000 	C:\WINDOWS\SYSTEM32\windows.storage.dll
0x00007ffc54c10000 - 0x00007ffc54d07000 	C:\WINDOWS\System32\SHCORE.dll
0x00007ffc54790000 - 0x00007ffc547f7000 	C:\WINDOWS\System32\shlwapi.dll
0x00007ffc535a0000 - 0x00007ffc535c9000 	C:\WINDOWS\SYSTEM32\profapi.dll
0x00007ffc3d7c0000 - 0x00007ffc3d7cc000 	C:\Program Files\Processing\app\resources\jdk\bin\dt_socket.dll
0x00007ffc51d30000 - 0x00007ffc51d63000 	C:\WINDOWS\SYSTEM32\IPHLPAPI.DLL
0x00007ffc52910000 - 0x00007ffc5297c000 	C:\WINDOWS\system32\mswsock.dll
0x00007ffc3d740000 - 0x00007ffc3d759000 	C:\Program Files\Processing\app\resources\jdk\bin\net.dll
0x00007ffc4be00000 - 0x00007ffc4bf27000 	C:\WINDOWS\SYSTEM32\WINHTTP.dll
0x00007ffc2fe60000 - 0x00007ffc2fe75000 	C:\Program Files\Processing\app\resources\jdk\bin\nio.dll
0x00007ffc2d9e0000 - 0x00007ffc2d9f8000 	C:\Program Files\Processing\app\resources\jdk\bin\zip.dll
0x00007ffbfcc50000 - 0x00007ffbfcdde000 	C:\Program Files\Processing\app\resources\jdk\bin\awt.dll
0x00007ffc50510000 - 0x00007ffc505b0000 	C:\WINDOWS\SYSTEM32\apphelp.dll
0x00007ffc50760000 - 0x00007ffc50809000 	C:\WINDOWS\system32\uxtheme.dll
0x00007ffc54620000 - 0x00007ffc5477d000 	C:\WINDOWS\System32\MSCTF.dll
0x00007ffc55a60000 - 0x00007ffc55bf9000 	C:\WINDOWS\System32\ole32.dll
0x00007ffc509e0000 - 0x00007ffc50a0f000 	C:\WINDOWS\system32\DWMAPI.DLL
0x00007ffbc3920000 - 0x00007ffbc3a2c000 	C:\WINDOWS\system32\opengl32.dll
0x00007ffc07f50000 - 0x00007ffc07f7d000 	C:\WINDOWS\SYSTEM32\GLU32.dll
0x00007ffc50a50000 - 0x00007ffc50a96000 	C:\WINDOWS\SYSTEM32\dxcore.dll
0x00007ffbe2350000 - 0x00007ffbe2502000 	C:\WINDOWS\system32\d3d9.dll
0x00007ffc4bb90000 - 0x00007ffc4bd4b000 	C:\WINDOWS\System32\DriverStore\FileRepository\u0407196.inf_amd64_4f30592185b667eb\B406567\aticfx64.dll
0x00007ffbc4c00000 - 0x00007ffbc4c34000 	C:\WINDOWS\System32\DriverStore\FileRepository\u0407196.inf_amd64_4f30592185b667eb\B406567\atiu9p64.dll
0x00007ffbc2710000 - 0x00007ffbc3457000 	C:\WINDOWS\System32\DriverStore\FileRepository\u0407196.inf_amd64_4f30592185b667eb\B406567\atiumd64.dll
0x0000000051160000 - 0x0000000052073000 	C:\WINDOWS\System32\DriverStore\FileRepository\u0407196.inf_amd64_4f30592185b667eb\B406567\atiumd6a.dll
0x00007ffc54190000 - 0x00007ffc54617000 	C:\WINDOWS\System32\SETUPAPI.dll
0x00007ffc498d0000 - 0x00007ffc49905000 	C:\WINDOWS\SYSTEM32\amdihk64.dll
0x00007ffc4d7a0000 - 0x00007ffc4d7ff000 	C:\WINDOWS\SYSTEM32\directxdatabasehelper.dll
0x00007ffc52c10000 - 0x00007ffc52c2b000 	C:\WINDOWS\SYSTEM32\CRYPTSP.dll
0x00007ffc522c0000 - 0x00007ffc522f9000 	C:\WINDOWS\system32\rsaenh.dll
0x00007ffc529d0000 - 0x00007ffc52a02000 	C:\WINDOWS\SYSTEM32\USERENV.dll
0x00007ffc53570000 - 0x00007ffc5359a000 	C:\WINDOWS\SYSTEM32\bcrypt.dll
0x00007ffc52c30000 - 0x00007ffc52c3c000 	C:\WINDOWS\SYSTEM32\CRYPTBASE.dll
0x00007ffc54800000 - 0x00007ffc5480a000 	C:\WINDOWS\System32\NSI.dll
0x00007ffc4dce0000 - 0x00007ffc4dcfd000 	C:\WINDOWS\SYSTEM32\dhcpcsvc6.DLL
0x00007ffc4dc30000 - 0x00007ffc4dc55000 	C:\WINDOWS\SYSTEM32\dhcpcsvc.DLL
0x00007ffc51e20000 - 0x00007ffc51f76000 	C:\WINDOWS\SYSTEM32\DNSAPI.dll
0x00007ffc52710000 - 0x00007ffc5271d000 	C:\WINDOWS\SYSTEM32\DSPARSE.dll
0x00007ffc0cee0000 - 0x00007ffc0cef3000 	C:\Users\Nuno Carvalho\AppData\Local\Temp\jogamp_0000\file_cache\jln10328076991778548711\jln7591660832714594173\natives\windows-amd64\gluegen_rt.dll
0x00007ffc3d7b0000 - 0x00007ffc3d7b7000 	C:\Program Files\Processing\app\resources\jdk\bin\jawt.dll
0x00007ffc3c040000 - 0x00007ffc3c04d000 	C:\Users\Nuno Carvalho\AppData\Local\Temp\jogamp_0000\file_cache\jln10328076991778548711\jln7591660832714594173\natives\windows-amd64\nativewindow_awt.dll
0x00007ffbff040000 - 0x00007ffbff055000 	C:\Users\Nuno Carvalho\AppData\Local\Temp\jogamp_0000\file_cache\jln10328076991778548711\jln7591660832714594173\natives\windows-amd64\nativewindow_win32.dll
0x00007ffbfcbc0000 - 0x00007ffbfcc43000 	C:\Users\Nuno Carvalho\AppData\Local\Temp\jogamp_0000\file_cache\jln10328076991778548711\jln7591660832714594173\natives\windows-amd64\jogl_desktop.dll
0x00007ffbfcb60000 - 0x00007ffbfcbb2000 	C:\Users\Nuno Carvalho\AppData\Local\Temp\jogamp_0000\file_cache\jln10328076991778548711\jln7591660832714594173\natives\windows-amd64\jogl_mobile.dll
0x00007ffc3c500000 - 0x00007ffc3c51a000 	C:\WINDOWS\SYSTEM32\windows.staterepositorycore.dll
0x00007ffbfd310000 - 0x00007ffbfd33e000 	C:\WINDOWS\System32\DriverStore\FileRepository\u0407196.inf_amd64_4f30592185b667eb\B406567\atig6pxx.dll
0x00007ffb8e460000 - 0x00007ffb9293d000 	C:\WINDOWS\System32\DriverStore\FileRepository\u0407196.inf_amd64_4f30592185b667eb\B406567\atio6axx.dll
0x00007ffc53210000 - 0x00007ffc5323f000 	C:\WINDOWS\SYSTEM32\DEVOBJ.dll
0x00007ffc53250000 - 0x00007ffc532a1000 	C:\WINDOWS\SYSTEM32\cfgmgr32.dll
0x00007ffc538a0000 - 0x00007ffc53923000 	C:\WINDOWS\System32\WINTRUST.dll
0x00007ffc53d70000 - 0x00007ffc53ee8000 	C:\WINDOWS\System32\CRYPT32.dll
0x00007ffc52c90000 - 0x00007ffc52ca3000 	C:\WINDOWS\SYSTEM32\MSASN1.dll
0x00007ffbfec90000 - 0x00007ffbfeca9000 	C:\Users\Nuno Carvalho\AppData\Local\Temp\jogamp_0000\file_cache\jln10328076991778548711\jln7591660832714594173\natives\windows-amd64\newt_head.dll
0x00007ffc4d9f0000 - 0x00007ffc4daaf000 	C:\WINDOWS\SYSTEM32\mscms.dll
0x00007ffbfcb10000 - 0x00007ffbfcb59000 	C:\WINDOWS\SYSTEM32\icm32.dll
0x00007ffc3a7f0000 - 0x00007ffc3a937000 	C:\WINDOWS\SYSTEM32\textinputframework.dll
0x00007ffc50130000 - 0x00007ffc50255000 	C:\WINDOWS\SYSTEM32\CoreMessaging.dll
0x00007ffc4c3a0000 - 0x00007ffc4c684000 	C:\WINDOWS\SYSTEM32\CoreUIComponents.dll
0x00007ffc4cce0000 - 0x00007ffc4ce4a000 	C:\WINDOWS\SYSTEM32\wintypes.dll
0x00007ffbfca80000 - 0x00007ffbfcb06000 	C:\Program Files\Processing\app\resources\jdk\bin\freetype.dll
0x00007ffbfc9a0000 - 0x00007ffbfca73000 	C:\Program Files\Processing\app\resources\jdk\bin\fontmanager.dll
0x00007ffbfc960000 - 0x00007ffbfc9a0000 	C:\Users\Nuno Carvalho\AppData\Local\Temp\jna--1557691412\jna16456202925053451983.dll
0x00007ffc562e0000 - 0x00007ffc562e8000 	C:\WINDOWS\System32\PSAPI.DLL
0x00007ffb71f80000 - 0x00007ffb78005000 	C:\Users\Nuno Carvalho\Documents\Processing\libraries\video\library\windows-amd64\avcodec-58.dll
0x00007ffbfec20000 - 0x00007ffbfec3b000 	C:\Users\Nuno Carvalho\Documents\Processing\libraries\video\library\windows-amd64\z-1.dll
0x00007ffbfc890000 - 0x00007ffbfc956000 	C:\Users\Nuno Carvalho\Documents\Processing\libraries\video\library\windows-amd64\swresample-3.dll
0x00007ffbfb250000 - 0x00007ffbfb85a000 	C:\Users\Nuno Carvalho\Documents\Processing\libraries\video\library\windows-amd64\avutil-56.dll
0x0000000064940000 - 0x00000000649c4000 	C:\Users\Nuno Carvalho\Documents\Processing\libraries\video\library\windows-amd64\libwinpthread-1.dll
0x00007ffbfc2b0000 - 0x00007ffbfc405000 	C:\Users\Nuno Carvalho\Documents\Processing\libraries\video\library\windows-amd64\avfilter-7.dll
0x00007ffbcb0b0000 - 0x00007ffbcd205000 	C:\Users\Nuno Carvalho\Documents\Processing\libraries\video\library\windows-amd64\avformat-58.dll
0x00007ffbfd6f0000 - 0x00007ffbfd707000 	C:\Users\Nuno Carvalho\Documents\Processing\libraries\video\library\windows-amd64\bz2.dll
0x00007ffbfc760000 - 0x00007ffbfc887000 	C:\Users\Nuno Carvalho\Documents\Processing\libraries\video\library\windows-amd64\cairo-2.dll
0x00007ffbfc250000 - 0x00007ffbfc2a4000 	C:\Users\Nuno Carvalho\Documents\Processing\libraries\video\library\windows-amd64\fontconfig-1.dll
0x0000000068b40000 - 0x0000000068d42000 	C:\Users\Nuno Carvalho\Documents\Processing\libraries\video\library\windows-amd64\libpng16-16.dll
0x0000000061b80000 - 0x0000000062004000 	C:\Users\Nuno Carvalho\Documents\Processing\libraries\video\library\windows-amd64\libfreetype-6.dll
0x00007ffc4ed80000 - 0x00007ffc4ed88000 	C:\WINDOWS\SYSTEM32\MSIMG32.dll
0x00007ffbfc190000 - 0x00007ffbfc241000 	C:\Users\Nuno Carvalho\Documents\Processing\libraries\video\library\windows-amd64\pixman-1-0.dll
0x0000000068f40000 - 0x000000006905a000 	C:\Users\Nuno Carvalho\Documents\Processing\libraries\video\library\windows-amd64\libexpat-1.dll
0x00007ffc39f50000 - 0x00007ffc39f5b000 	C:\Users\Nuno Carvalho\Documents\Processing\libraries\video\library\windows-amd64\cairo-gobject-2.dll
0x00007ffbfa1d0000 - 0x00007ffbfa336000 	C:\Users\Nuno Carvalho\Documents\Processing\libraries\video\library\windows-amd64\glib-2.0-0.dll
0x00007ffbfbc00000 - 0x00007ffbfbc52000 	C:\Users\Nuno Carvalho\Documents\Processing\libraries\video\library\windows-amd64\gobject-2.0-0.dll
0x00007ffc28c30000 - 0x00007ffc28c3c000 	C:\Users\Nuno Carvalho\Documents\Processing\libraries\video\library\windows-amd64\ffi-7.dll
0x00007ffc2d9d0000 - 0x00007ffc2d9d7000 	C:\Users\Nuno Carvalho\Documents\Processing\libraries\video\library\windows-amd64\intl-8.dll
0x00007ffbfbbd0000 - 0x00007ffbfbbf9000 	C:\Users\Nuno Carvalho\Documents\Processing\libraries\video\library\windows-amd64\cairo-script-interpreter-2.dll
0x00007ffbfb210000 - 0x00007ffbfb248000 	C:\Users\Nuno Carvalho\Documents\Processing\libraries\video\library\windows-amd64\dv-4.dll
0x00007ffbfb1e0000 - 0x00007ffbfb202000 	C:\Users\Nuno Carvalho\Documents\Processing\libraries\video\library\windows-amd64\fribidi-0.dll
0x00007ffbfb190000 - 0x00007ffbfb1da000 	C:\Users\Nuno Carvalho\Documents\Processing\libraries\video\library\windows-amd64\gdk_pixbuf-2.0-0.dll
0x000000006b800000 - 0x000000006ba36000 	C:\Users\Nuno Carvalho\Documents\Processing\libraries\video\library\windows-amd64\libjpeg-8.dll
0x00007ffbf94c0000 - 0x00007ffbf9675000 	C:\Users\Nuno Carvalho\Documents\Processing\libraries\video\library\windows-amd64\gio-2.0-0.dll

dbghelp: loaded successfully - version: 4.0.5 - missing functions: none
symbol engine: initialized successfully - sym options: 0x614 - pdb path: .;C:\Program Files\Processing\app\resources\jdk\bin;C:\WINDOWS\SYSTEM32;C:\Program Files\Avast Software\Avast;C:\WINDOWS\WinSxS\amd64_microsoft.windows.common-controls_6595b64144ccf1df_6.0.26100.8875_none_3e0d5d42e32fe9dd;C:\Program Files\Processing\app\resources\jdk\bin\server;C:\WINDOWS\System32\DriverStore\FileRepository\u0407196.inf_amd64_4f30592185b667eb\B406567;C:\Users\Nuno Carvalho\AppData\Local\Temp\jogamp_0000\file_cache\jln10328076991778548711\jln7591660832714594173\natives\windows-amd64;C:\Users\Nuno Carvalho\AppData\Local\Temp\jna--1557691412;C:\Users\Nuno Carvalho\Documents\Processing\libraries\video\library\windows-amd64;C:\Users\Nuno Carvalho\Documents\Processing\libraries\video\library\windows-amd64\gstreamer-1.0;C:\Program Files\WindowsApps\Microsoft.VP9VideoExtensions_1.2.20.0_x64__8wekyb3d8bbwe\x64;C:\Users\Nuno Carvalho\Documents\Processing\libraries\spout\library;C:\Users\Nuno Carvalho\.javacpp\cache\javacpp-1.5.8-windows-x86_64.jar\org\bytedeco\javacpp\windows-x86_64

VM Arguments:
jvm_args: -agentlib:jdwp=transport=dt_socket,address=8092,server=y,suspend=y,quiet=y -Djna.nosys=true -Djava.library.path=;C:\Program Files\Processing\app\resources\core\library;C:\Users\Nuno Carvalho\Documents\Processing\libraries\video\library\windows-amd64;C:\Users\Nuno Carvalho\Documents\Processing\libraries\spout\library;C:\Users\Nuno Carvalho\Documents\Processing\libraries\opencv_processing\library;C:\Program Files\Processing;C:\WINDOWS\system32;C:\WINDOWS;C:\Program Files\Eclipse Adoptium\jdk-17.0.16.8-hotspot\bin;C:\Program Files (x86)\Common Files\Intel\Shared Libraries\redist\intel64\compiler;C:\WINDOWS\system32;C:\WINDOWS;C:\WINDOWS\System32\Wbem;C:\WINDOWS\System32\WindowsPowerShell\v1.0;C:\WINDOWS\System32\OpenSSH;C:\Program Files (x86)\dotnet;C:\Program Files\dotnet;C:\Users\Nuno Carvalho\AppData\Local\Microsoft\WindowsApps;C:\Users\Nuno Carvalho\AppData\Local\Programs\Microsoft VS Code\bin;C:\Program Files\Processing\app;. -ea 
java_command: processing.core.PApplet --location=1142,39 --external --display=1 --sketch-path=C:\Users\Nuno Carvalho\Documents\universidade\Mestrado\2 ano\tese\cartaz servidor-cliente\cartaz_corrupcao cartaz_corrupcao
java_class_path (initial): C:\Users\NUNOCA~1\AppData\Local\Temp\processing\cartaz_corrupcao11335635122626760624temp;C:\Program Files\Processing\app\resources\core\library\annotations-13.0.jar;C:\Program Files\Processing\app\resources\core\library\antlr-2.7.7.jar;C:\Program Files\Processing\app\resources\core\library\core-4.4.4.jar;C:\Program Files\Processing\app\resources\core\library\gluegen-rt-2.5.0-natives-android-aarch64.jar;C:\Program Files\Processing\app\resources\core\library\gluegen-rt-2.5.0-natives-linux-aarch64.jar;C:\Program Files\Processing\app\resources\core\library\gluegen-rt-2.5.0-natives-linux-amd64.jar;C:\Program Files\Processing\app\resources\core\library\gluegen-rt-2.5.0-natives-linux-armv6hf.jar;C:\Program Files\Processing\app\resources\core\library\gluegen-rt-2.5.0-natives-macosx-universal.jar;C:\Program Files\Processing\app\resources\core\library\gluegen-rt-2.5.0-natives-windows-amd64.jar;C:\Program Files\Processing\app\resources\core\library\gluegen-rt-2.5.0.jar;C:\Program Files\Processing\app\resources\core\library\gluegen-rt-main-2.5.0.jar;C:\Program Files\Processing\app\resources\core\library\jogl-all-2.5.0-natives-android-aarch64.jar;C:\Program Files\Processing\app\resources\core\library\jogl-all-2.5.0-natives-linux-aarch64.jar;C:\Program Files\Processing\app\resources\core\library\jogl-all-2.5.0-natives-linux-amd64.jar;C:\Program Files\Processing\app\resources\core\library\jogl-all-2.5.0-natives-linux-armv6hf.jar;C:\Program Files\Processing\app\resources\core\library\jogl-all-2.5.0-natives-macosx-universal.jar;C:\Program Files\Processing\app\resources\core\library\jogl-all-2.5.0-natives-windows-amd64.jar;C:\Program Files\Processing\app\resources\core\library\jogl-all-2.5.0.jar;C:\Program Files\Processing\app\resources\core\library\jogl-all-main-2.5.0.jar;C:\Program Files\Processing\app\resources\core\library\kotlin-stdlib-2.0.20.jar;C:\Users\Nuno Carvalho\Documents\Processing\libraries\video\library\gst1-java-core-1.4.0.jar;C:\Users\Nun
Launcher Type: SUN_STANDARD

[Global flags]
     intx CICompilerCount                          = 4                                         {product} {ergonomic}
     uint ConcGCThreads                            = 3                                         {product} {ergonomic}
     uint G1ConcRefinementThreads                  = 10                                        {product} {ergonomic}
   size_t G1HeapRegionSize                         = 2097152                                   {product} {ergonomic}
    uintx GCDrainStackTargetSize                   = 64                                        {product} {ergonomic}
   size_t InitialHeapSize                          = 257949696                                 {product} {ergonomic}
   size_t MarkStackSize                            = 4194304                                   {product} {ergonomic}
   size_t MaxHeapSize                              = 4114612224                                {product} {ergonomic}
   size_t MaxNewSize                               = 2468347904                                {product} {ergonomic}
   size_t MinHeapDeltaBytes                        = 2097152                                   {product} {ergonomic}
   size_t MinHeapSize                              = 8388608                                   {product} {ergonomic}
    uintx NonNMethodCodeHeapSize                   = 5839372                                {pd product} {ergonomic}
    uintx NonProfiledCodeHeapSize                  = 122909434                              {pd product} {ergonomic}
    uintx ProfiledCodeHeapSize                     = 122909434                              {pd product} {ergonomic}
    uintx ReservedCodeCacheSize                    = 251658240                              {pd product} {ergonomic}
     bool SegmentedCodeCache                       = true                                      {product} {ergonomic}
   size_t SoftMaxHeapSize                          = 4114612224                             {manageable} {ergonomic}
     bool UseCompressedClassPointers               = true                           {product lp64_product} {ergonomic}
     bool UseCompressedOops                        = true                           {product lp64_product} {ergonomic}
     bool UseG1GC                                  = true                                      {product} {ergonomic}
     bool UseLargePagesIndividualAllocation        = false                                  {pd product} {ergonomic}

Logging:
Log output configuration:
 #0: stdout all=warning uptime,level,tags
 #1: stderr all=off uptime,level,tags

Environment Variables:
JAVA_HOME=C:\Program Files\Eclipse Adoptium\jdk-17.0.16.8-hotspot\
PATH=C:\Program Files\Eclipse Adoptium\jdk-17.0.16.8-hotspot\bin;C:\Program Files (x86)\Common Files\Intel\Shared Libraries\redist\intel64\compiler;C:\WINDOWS\system32;C:\WINDOWS;C:\WINDOWS\System32\Wbem;C:\WINDOWS\System32\WindowsPowerShell\v1.0\;C:\WINDOWS\System32\OpenSSH\;C:\Program Files (x86)\dotnet\;C:\Program Files\dotnet\;C:\Users\Nuno Carvalho\AppData\Local\Microsoft\WindowsApps;C:\Users\Nuno Carvalho\AppData\Local\Programs\Microsoft VS Code\bin;;C:\Program Files\Processing\app
USERNAME=Nuno Carvalho
OS=Windows_NT
PROCESSOR_IDENTIFIER=AMD64 Family 23 Model 104 Stepping 1, AuthenticAMD
TMP=C:\Users\NUNOCA~1\AppData\Local\Temp
TEMP=C:\Users\NUNOCA~1\AppData\Local\Temp



---------------  S Y S T E M  ---------------

OS:
 Windows 11 , 64 bit Build 26100 (10.0.26100.8875)
OS uptime: 2 days 23:17 hours

CPU: total 12 (initial active 12) (12 cores per cpu, 2 threads per core) family 23 model 104 stepping 1 microcode 0x8608109, cx8, cmov, fxsr, ht, mmx, 3dnowpref, sse, sse2, sse3, ssse3, sse4a, sse4.1, sse4.2, popcnt, lzcnt, tsc, tscinvbit, avx, avx2, aes, clmul, bmi1, bmi2, adx, sha, fma, vzeroupper, clflush, clflushopt
Processor Information for processor 0
  Max Mhz: 2100, Current Mhz: 1988, Mhz Limit: 2100
Processor Information for processor 1
  Max Mhz: 2100, Current Mhz: 2100, Mhz Limit: 2100
Processor Information for processor 2
  Max Mhz: 2100, Current Mhz: 1988, Mhz Limit: 2100
Processor Information for processor 3
  Max Mhz: 2100, Current Mhz: 1988, Mhz Limit: 2100
Processor Information for processor 4
  Max Mhz: 2100, Current Mhz: 1988, Mhz Limit: 2100
Processor Information for processor 5
  Max Mhz: 2100, Current Mhz: 1988, Mhz Limit: 2100
Processor Information for processor 6
  Max Mhz: 2100, Current Mhz: 1988, Mhz Limit: 2100
Processor Information for processor 7
  Max Mhz: 2100, Current Mhz: 2100, Mhz Limit: 2100
Processor Information for processor 8
  Max Mhz: 2100, Current Mhz: 1988, Mhz Limit: 2100
Processor Information for processor 9
  Max Mhz: 2100, Current Mhz: 1988, Mhz Limit: 2100
Processor Information for processor 10
  Max Mhz: 2100, Current Mhz: 1988, Mhz Limit: 2100
Processor Information for processor 11
  Max Mhz: 2100, Current Mhz: 1988, Mhz Limit: 2100

Memory: 4k page, system-wide physical 15693M (6046M free)
TotalPageFile size 18509M (AvailPageFile size 3389M)
current process WorkingSet (physical memory assigned to process): 866M, peak: 930M
current process commit charge ("private bytes"): 3716M, peak: 3781M

vm_info: OpenJDK 64-Bit Server VM (17.0.8.1+1) for windows-amd64 JRE (17.0.8.1+1), built on Aug 23 2023 15:29:17 by "admin" with MS VC++ 16.7 (VS2019)

END.
